2025/04/22 01:11:18 bot.go:98: [INFO] Using proxy: http://127.0.0.1:7890
2025/04/22 01:11:18 bot.go:96: [INFO] Endpoint: getUpdates, params: map[allowed_updates:null timeout:60]

2025/04/22 01:12:09 bot.go:122: [INFO] Endpoint: getUpdates, response: {"ok":true,"result":[]}

2025/04/22 01:12:09 bot.go:96: [INFO] Endpoint: getUpdates, params: map[allowed_updates:null timeout:60]

2025/04/22 01:12:31 bot.go:122: [INFO] Endpoint: getUpdates, response: {"ok":true,"result":[{"update_id":465633482,
"message":{"message_id":60,"from":{"id":5568996608,"is_bot":false,"first_name":"\u841d\u8389\u8d5b\u9ad8 | Roam","username":"TheSw1m","language_code":"zh-hans","is_premium":true},"chat":{"id":-1002479692773,"title":"qwq","type":"supergroup"},"date":1745255556,"text":"/cd","entities":[{"offset":0,"length":3,"type":"bot_command"}]}}]}

2025/04/22 01:12:31 bot.go:96: [INFO] Endpoint: getUpdates, params: map[allowed_updates:null offset:465633483 timeout:60]

2025/04/22 01:12:31 custom.go:220: [INFO] 用户萝莉赛高 | Roam执行了cd操作
2025/04/22 01:12:31 bot.go:96: [INFO] Endpoint: sendMessage, params: map[chat_id:-1002479692773 entities:null text:当前剩余CD 0天0小时0分钟0秒]

2025/04/22 01:12:31 bot.go:122: [INFO] Endpoint: sendMessage, response: {"ok":true,"result":{"message_id":61,"from":{"id":7321634203,"is_bot":true,"first_name":"testbot","username":"theswimtestbot"},"chat":{"id":-1002479692773,"title":"qwq","type":"supergroup"},"date":1745255556,"text":"\u5f53\u524d\u5269\u4f59CD 0\u59290\u5c0f\u65f60\u5206\u949f0\u79d2"}}

2025/04/22 01:12:45 bot.go:122: [INFO] Endpoint: getUpdates, response: {"ok":true,"result":[{"update_id":465633483,
"message":{"message_id":62,"from":{"id":5568996608,"is_bot":false,"first_name":"\u841d\u8389\u8d5b\u9ad8 | Roam","username":"TheSw1m","language_code":"zh-hans","is_premium":true},"chat":{"id":-1002479692773,"title":"qwq","type":"supergroup"},"date":1745255570,"text":"/changecd static 1m","entities":[{"offset":0,"length":9,"type":"bot_command"}]}}]}

2025/04/22 01:12:45 bot.go:96: [INFO] Endpoint: getUpdates, params: map[allowed_updates:null offset:465633484 timeout:60]

2025/04/22 01:12:45 custom.go:220: [INFO] 用户萝莉赛高 | Roam执行了changecd操作
2025/04/22 01:12:45 bot.go:96: [INFO] Endpoint: getChatMember, params: map[chat_id:-1002479692773 user_id:5568996608]

2025/04/22 01:12:46 bot.go:122: [INFO] Endpoint: getChatMember, response: {"ok":true,"result":{"user":{"id":5568996608,"is_bot":false,"first_name":"\u841d\u8389\u8d5b\u9ad8 | Roam","username":"TheSw1m","language_code":"zh-hans","is_premium":true},"status":"creator","is_anonymous":false}}

2025/04/22 01:12:54 bot.go:122: [INFO] Endpoint: getUpdates, response: {"ok":true,"result":[{"update_id":465633484,
"message":{"message_id":63,"from":{"id":5568996608,"is_bot":false,"first_name":"\u841d\u8389\u8d5b\u9ad8 | Roam","username":"TheSw1m","language_code":"zh-hans","is_premium":true},"chat":{"id":-1002479692773,"title":"qwq","type":"supergroup"},"date":1745255579,"text":"/changecd random 1m","entities":[{"offset":0,"length":9,"type":"bot_command"}]}}]}

2025/04/22 01:12:54 bot.go:96: [INFO] Endpoint: getUpdates, params: map[allowed_updates:null offset:465633485 timeout:60]

2025/04/22 01:12:54 custom.go:220: [INFO] 用户萝莉赛高 | Roam执行了changecd操作
2025/04/22 01:12:54 bot.go:96: [INFO] Endpoint: getChatMember, params: map[chat_id:-1002479692773 user_id:5568996608]

2025/04/22 01:12:54 bot.go:122: [INFO] Endpoint: getChatMember, response: {"ok":true,"result":{"user":{"id":5568996608,"is_bot":false,"first_name":"\u841d\u8389\u8d5b\u9ad8 | Roam","username":"TheSw1m","language_code":"zh-hans","is_premium":true},"status":"creator","is_anonymous":false}}

2025/04/22 01:12:54 bot.go:96: [INFO] Endpoint: sendMessage, params: map[chat_id:-1002479692773 entities:null text:时间选项有误，请重新输入]

2025/04/22 01:12:54 bot.go:122: [INFO] Endpoint: sendMessage, response: {"ok":true,"result":{"message_id":64,"from":{"id":7321634203,"is_bot":true,"first_name":"testbot","username":"theswimtestbot"},"chat":{"id":-1002479692773,"title":"qwq","type":"supergroup"},"date":1745255579,"text":"\u65f6\u95f4\u9009\u9879\u6709\u8bef\uff0c\u8bf7\u91cd\u65b0\u8f93\u5165"}}

2025/04/22 01:12:54 custom.go:224: [INFO] Plugin Error错误的时间选项
2025/04/22 01:13:23 bot.go:98: [INFO] Using proxy: http://127.0.0.1:7890
2025/04/22 01:13:23 bot.go:96: [INFO] Endpoint: getUpdates, params: map[allowed_updates:null timeout:60]

2025/04/22 01:13:27 bot.go:122: [INFO] Endpoint: getUpdates, response: {"ok":true,"result":[{"update_id":465633485,
"message":{"message_id":65,"from":{"id":5568996608,"is_bot":false,"first_name":"\u841d\u8389\u8d5b\u9ad8 | Roam","username":"TheSw1m","language_code":"zh-hans","is_premium":true},"chat":{"id":-1002479692773,"title":"qwq","type":"supergroup"},"date":1745255612,"forward_origin":{"type":"user","sender_user":{"id":5568996608,"is_bot":false,"first_name":"\u841d\u8389\u8d5b\u9ad8 | Roam","username":"TheSw1m","language_code":"zh-hans","is_premium":true},"date":1745255570},"forward_from":{"id":5568996608,"is_bot":false,"first_name":"\u841d\u8389\u8d5b\u9ad8 | Roam","username":"TheSw1m","language_code":"zh-hans","is_premium":true},"forward_date":1745255570,"text":"/changecd static 1m","entities":[{"offset":0,"length":9,"type":"bot_command"}]}},{"update_id":465633486,
"message":{"message_id":66,"from":{"id":5568996608,"is_bot":false,"first_name":"\u841d\u8389\u8d5b\u9ad8 | Roam","username":"TheSw1m","language_code":"zh-hans","is_premium":true},"chat":{"id":-1002479692773,"title":"qwq","type":"supergroup"},"date":1745255612,"forward_origin":{"type":"user","sender_user":{"id":5568996608,"is_bot":false,"first_name":"\u841d\u8389\u8d5b\u9ad8 | Roam","username":"TheSw1m","language_code":"zh-hans","is_premium":true},"date":1745255579},"forward_from":{"id":5568996608,"is_bot":false,"first_name":"\u841d\u8389\u8d5b\u9ad8 | Roam","username":"TheSw1m","language_code":"zh-hans","is_premium":true},"forward_date":1745255579,"text":"/changecd random 1m","entities":[{"offset":0,"length":9,"type":"bot_command"}]}}]}

2025/04/22 01:13:27 bot.go:96: [INFO] Endpoint: getUpdates, params: map[allowed_updates:null offset:465633487 timeout:60]

2025/04/22 01:13:27 custom.go:220: [INFO] 用户萝莉赛高 | Roam执行了changecd操作
2025/04/22 01:13:27 bot.go:96: [INFO] Endpoint: getChatMember, params: map[chat_id:-1002479692773 user_id:5568996608]

2025/04/22 01:13:28 bot.go:122: [INFO] Endpoint: getChatMember, response: {"ok":true,"result":{"user":{"id":5568996608,"is_bot":false,"first_name":"\u841d\u8389\u8d5b\u9ad8 | Roam","username":"TheSw1m","language_code":"zh-hans","is_premium":true},"status":"creator","is_anonymous":false}}

2025/04/22 01:13:28 custom.go:220: [INFO] 用户萝莉赛高 | Roam执行了changecd操作
2025/04/22 01:13:28 bot.go:96: [INFO] Endpoint: getChatMember, params: map[chat_id:-1002479692773 user_id:5568996608]

2025/04/22 01:13:28 bot.go:122: [INFO] Endpoint: getChatMember, response: {"ok":true,"result":{"user":{"id":5568996608,"is_bot":false,"first_name":"\u841d\u8389\u8d5b\u9ad8 | Roam","username":"TheSw1m","language_code":"zh-hans","is_premium":true},"status":"creator","is_anonymous":false}}

2025/04/22 01:13:32 bot.go:122: [INFO] Endpoint: getUpdates, response: {"ok":true,"result":[{"update_id":465633487,
"message":{"message_id":67,"from":{"id":5568996608,"is_bot":false,"first_name":"\u841d\u8389\u8d5b\u9ad8 | Roam","username":"TheSw1m","language_code":"zh-hans","is_premium":true},"chat":{"id":-1002479692773,"title":"qwq","type":"supergroup"},"date":1745255617,"text":"/cd","entities":[{"offset":0,"length":3,"type":"bot_command"}]}}]}

2025/04/22 01:13:32 bot.go:96: [INFO] Endpoint: getUpdates, params: map[allowed_updates:null offset:465633488 timeout:60]

2025/04/22 01:13:32 custom.go:220: [INFO] 用户萝莉赛高 | Roam执行了cd操作
2025/04/22 01:13:32 bot.go:96: [INFO] Endpoint: sendMessage, params: map[chat_id:-1002479692773 entities:null text:当前剩余CD 0天0小时2分钟0秒]

2025/04/22 01:13:32 bot.go:122: [INFO] Endpoint: sendMessage, response: {"ok":true,"result":{"message_id":68,"from":{"id":7321634203,"is_bot":true,"first_name":"testbot","username":"theswimtestbot"},"chat":{"id":-1002479692773,"title":"qwq","type":"supergroup"},"date":1745255617,"text":"\u5f53\u524d\u5269\u4f59CD 0\u59290\u5c0f\u65f62\u5206\u949f0\u79d2"}}

2025/04/22 01:14:22 bot.go:122: [INFO] Endpoint: getUpdates, response: {"ok":true,"result":[]}

2025/04/22 01:14:22 bot.go:96: [INFO] Endpoint: getUpdates, params: map[allowed_updates:null offset:465633488 timeout:60]

2025/04/22 01:15:12 bot.go:122: [INFO] Endpoint: getUpdates, response: {"ok":true,"result":[]}

2025/04/22 01:15:12 bot.go:96: [INFO] Endpoint: getUpdates, params: map[allowed_updates:null offset:465633488 timeout:60]

2025/04/22 01:16:02 bot.go:122: [INFO] Endpoint: getUpdates, response: {"ok":true,"result":[]}

2025/04/22 01:16:02 bot.go:96: [INFO] Endpoint: getUpdates, params: map[allowed_updates:null offset:465633488 timeout:60]

2025/04/22 01:16:53 bot.go:122: [INFO] Endpoint: getUpdates, response: {"ok":true,"result":[]}

2025/04/22 01:16:53 bot.go:96: [INFO] Endpoint: getUpdates, params: map[allowed_updates:null offset:465633488 timeout:60]

2025/04/22 01:17:43 bot.go:122: [INFO] Endpoint: getUpdates, response: {"ok":true,"result":[]}

2025/04/22 01:17:43 bot.go:96: [INFO] Endpoint: getUpdates, params: map[allowed_updates:null offset:465633488 timeout:60]

2025/04/22 01:18:33 bot.go:122: [INFO] Endpoint: getUpdates, response: {"ok":true,"result":[]}

2025/04/22 01:18:33 bot.go:96: [INFO] Endpoint: getUpdates, params: map[allowed_updates:null offset:465633488 timeout:60]

2025/04/22 01:19:24 bot.go:122: [INFO] Endpoint: getUpdates, response: {"ok":true,"result":[]}

2025/04/22 01:19:24 bot.go:96: [INFO] Endpoint: getUpdates, params: map[allowed_updates:null offset:465633488 timeout:60]

2025/04/22 01:20:14 bot.go:122: [INFO] Endpoint: getUpdates, response: {"ok":true,"result":[]}

2025/04/22 01:20:14 bot.go:96: [INFO] Endpoint: getUpdates, params: map[allowed_updates:null offset:465633488 timeout:60]

2025/04/22 01:21:04 bot.go:122: [INFO] Endpoint: getUpdates, response: {"ok":true,"result":[]}

2025/04/22 01:21:04 bot.go:96: [INFO] Endpoint: getUpdates, params: map[allowed_updates:null offset:465633488 timeout:60]

2025/04/22 01:21:54 bot.go:122: [INFO] Endpoint: getUpdates, response: {"ok":true,"result":[]}

2025/04/22 01:21:54 bot.go:96: [INFO] Endpoint: getUpdates, params: map[allowed_updates:null offset:465633488 timeout:60]

2025/04/22 01:22:06 bot.go:98: [INFO] Using proxy: http://127.0.0.1:7890
2025/04/22 01:22:06 bot.go:96: [INFO] Endpoint: getUpdates, params: map[allowed_updates:null timeout:60]

2025/04/22 01:22:16 bot.go:122: [INFO] Endpoint: getUpdates, response: {"ok":true,"result":[{"update_id":465633488,
"message":{"message_id":69,"from":{"id":5568996608,"is_bot":false,"first_name":"\u841d\u8389\u8d5b\u9ad8 | Roam","username":"TheSw1m","language_code":"zh-hans","is_premium":true},"chat":{"id":-1002479692773,"title":"qwq","type":"supergroup"},"date":1745256141,"forward_origin":{"type":"user","sender_user":{"id":5568996608,"is_bot":false,"first_name":"\u841d\u8389\u8d5b\u9ad8 | Roam","username":"TheSw1m","language_code":"zh-hans","is_premium":true},"date":1745255617},"forward_from":{"id":5568996608,"is_bot":false,"first_name":"\u841d\u8389\u8d5b\u9ad8 | Roam","username":"TheSw1m","language_code":"zh-hans","is_premium":true},"forward_date":1745255617,"text":"/cd","entities":[{"offset":0,"length":3,"type":"bot_command"}]}}]}

2025/04/22 01:22:16 bot.go:96: [INFO] Endpoint: getUpdates, params: map[allowed_updates:null offset:465633489 timeout:60]

2025/04/22 01:22:16 custom.go:220: [INFO] 用户萝莉赛高 | Roam执行了cd操作
2025/04/22 01:22:16 bot.go:96: [INFO] Endpoint: sendMessage, params: map[chat_id:-1002479692773 entities:null text:当前剩余CD 0天0小时0分钟0秒]

2025/04/22 01:22:17 bot.go:122: [INFO] Endpoint: getUpdates, response: {"ok":true,"result":[{"update_id":465633489,
"message":{"message_id":70,"from":{"id":5568996608,"is_bot":false,"first_name":"\u841d\u8389\u8d5b\u9ad8 | Roam","username":"TheSw1m","language_code":"zh-hans","is_premium":true},"chat":{"id":-1002479692773,"title":"qwq","type":"supergroup"},"date":1745256141,"text":"/cd","entities":[{"offset":0,"length":3,"type":"bot_command"}]}}]}

2025/04/22 01:22:17 bot.go:96: [INFO] Endpoint: getUpdates, params: map[allowed_updates:null offset:465633490 timeout:60]

2025/04/22 01:22:17 bot.go:122: [INFO] Endpoint: sendMessage, response: {"ok":true,"result":{"message_id":71,"from":{"id":7321634203,"is_bot":true,"first_name":"testbot","username":"theswimtestbot"},"chat":{"id":-1002479692773,"title":"qwq","type":"supergroup"},"date":1745256142,"text":"\u5f53\u524d\u5269\u4f59CD 0\u59290\u5c0f\u65f60\u5206\u949f0\u79d2"}}

2025/04/22 01:22:17 custom.go:220: [INFO] 用户萝莉赛高 | Roam执行了cd操作
2025/04/22 01:22:17 bot.go:96: [INFO] Endpoint: sendMessage, params: map[chat_id:-1002479692773 entities:null text:当前剩余CD 0天0小时0分钟0秒]

2025/04/22 01:22:17 bot.go:122: [INFO] Endpoint: sendMessage, response: {"ok":true,"result":{"message_id":72,"from":{"id":7321634203,"is_bot":true,"first_name":"testbot","username":"theswimtestbot"},"chat":{"id":-1002479692773,"title":"qwq","type":"supergroup"},"date":1745256142,"text":"\u5f53\u524d\u5269\u4f59CD 0\u59290\u5c0f\u65f60\u5206\u949f0\u79d2"}}

2025/04/22 01:22:24 bot.go:122: [INFO] Endpoint: getUpdates, response: {"ok":true,"result":[{"update_id":465633490,
"message":{"message_id":73,"from":{"id":5568996608,"is_bot":false,"first_name":"\u841d\u8389\u8d5b\u9ad8 | Roam","username":"TheSw1m","language_code":"zh-hans","is_premium":true},"chat":{"id":-1002479692773,"title":"qwq","type":"supergroup"},"date":1745256149,"text":"/changecd","entities":[{"offset":0,"length":9,"type":"bot_command"}]}}]}

2025/04/22 01:22:24 bot.go:96: [INFO] Endpoint: getUpdates, params: map[allowed_updates:null offset:465633491 timeout:60]

2025/04/22 01:22:24 custom.go:220: [INFO] 用户萝莉赛高 | Roam执行了changecd操作
2025/04/22 01:22:24 bot.go:96: [INFO] Endpoint: getChatMember, params: map[chat_id:-1002479692773 user_id:5568996608]

2025/04/22 01:22:24 bot.go:122: [INFO] Endpoint: getChatMember, response: {"ok":true,"result":{"user":{"id":5568996608,"is_bot":false,"first_name":"\u841d\u8389\u8d5b\u9ad8 | Roam","username":"TheSw1m","language_code":"zh-hans","is_premium":true},"status":"creator","is_anonymous":false}}

2025/04/22 01:22:24 bot.go:96: [INFO] Endpoint: sendMessage, params: map[chat_id:-1002479692773 entities:null text:参数数量有误，请重新输入]

2025/04/22 01:22:25 bot.go:122: [INFO] Endpoint: sendMessage, response: {"ok":true,"result":{"message_id":74,"from":{"id":7321634203,"is_bot":true,"first_name":"testbot","username":"theswimtestbot"},"chat":{"id":-1002479692773,"title":"qwq","type":"supergroup"},"date":1745256150,"text":"\u53c2\u6570\u6570\u91cf\u6709\u8bef\uff0c\u8bf7\u91cd\u65b0\u8f93\u5165"}}

2025/04/22 01:22:34 bot.go:122: [INFO] Endpoint: getUpdates, response: {"ok":true,"result":[{"update_id":465633491,
"message":{"message_id":75,"from":{"id":5568996608,"is_bot":false,"first_name":"\u841d\u8389\u8d5b\u9ad8 | Roam","username":"TheSw1m","language_code":"zh-hans","is_premium":true},"chat":{"id":-1002479692773,"title":"qwq","type":"supergroup"},"date":1745256159,"text":"/changcd random 2m","entities":[{"offset":0,"length":8,"type":"bot_command"}]}}]}

2025/04/22 01:22:34 bot.go:96: [INFO] Endpoint: getUpdates, params: map[allowed_updates:null offset:465633492 timeout:60]

2025/04/22 01:22:43 bot.go:122: [INFO] Endpoint: getUpdates, response: {"ok":true,"result":[{"update_id":465633492,
"message":{"message_id":76,"from":{"id":5568996608,"is_bot":false,"first_name":"\u841d\u8389\u8d5b\u9ad8 | Roam","username":"TheSw1m","language_code":"zh-hans","is_premium":true},"chat":{"id":-1002479692773,"title":"qwq","type":"supergroup"},"date":1745256168,"text":"/cd","entities":[{"offset":0,"length":3,"type":"bot_command"}]}}]}

2025/04/22 01:22:43 bot.go:96: [INFO] Endpoint: getUpdates, params: map[allowed_updates:null offset:465633493 timeout:60]

2025/04/22 01:22:43 custom.go:220: [INFO] 用户萝莉赛高 | Roam执行了cd操作
2025/04/22 01:22:43 bot.go:96: [INFO] Endpoint: sendMessage, params: map[chat_id:-1002479692773 entities:null text:当前剩余CD 0天0小时0分钟0秒]

2025/04/22 01:22:43 bot.go:122: [INFO] Endpoint: sendMessage, response: {"ok":true,"result":{"message_id":77,"from":{"id":7321634203,"is_bot":true,"first_name":"testbot","username":"theswimtestbot"},"chat":{"id":-1002479692773,"title":"qwq","type":"supergroup"},"date":1745256168,"text":"\u5f53\u524d\u5269\u4f59CD 0\u59290\u5c0f\u65f60\u5206\u949f0\u79d2"}}

2025/04/22 01:23:33 bot.go:122: [INFO] Endpoint: getUpdates, response: {"ok":true,"result":[]}

2025/04/22 01:23:33 bot.go:96: [INFO] Endpoint: getUpdates, params: map[allowed_updates:null offset:465633493 timeout:60]

2025/04/22 01:23:58 bot.go:122: [INFO] Endpoint: getUpdates, response: {"ok":true,"result":[{"update_id":465633493,
"message":{"message_id":78,"from":{"id":5568996608,"is_bot":false,"first_name":"\u841d\u8389\u8d5b\u9ad8 | Roam","username":"TheSw1m","language_code":"zh-hans","is_premium":true},"chat":{"id":-1002479692773,"title":"qwq","type":"supergroup"},"date":1745256243,"text":"\u7fa1\u6155"}}]}

2025/04/22 01:23:58 bot.go:96: [INFO] Endpoint: getUpdates, params: map[allowed_updates:null offset:465633494 timeout:60]

2025/04/22 01:24:01 bot.go:122: [INFO] Endpoint: getUpdates, response: {"ok":true,"result":[{"update_id":465633494,
"message":{"message_id":79,"from":{"id":5568996608,"is_bot":false,"first_name":"\u841d\u8389\u8d5b\u9ad8 | Roam","username":"TheSw1m","language_code":"zh-hans","is_premium":true},"chat":{"id":-1002479692773,"title":"qwq","type":"supergroup"},"date":1745256246,"text":"\u7fa1\u6155"}}]}

2025/04/22 01:24:01 bot.go:96: [INFO] Endpoint: getUpdates, params: map[allowed_updates:null offset:465633495 timeout:60]

2025/04/22 01:24:39 bot.go:122: [INFO] Endpoint: getUpdates, response: {"ok":true,"result":[{"update_id":465633495,
"message":{"message_id":80,"from":{"id":7912107913,"is_bot":false,"first_name":"rdd","username":"rainyun_server"},"chat":{"id":-1002479692773,"title":"qwq","type":"supergroup"},"date":1745256284,"text":"xm"}}]}

2025/04/22 01:24:39 bot.go:96: [INFO] Endpoint: getUpdates, params: map[allowed_updates:null offset:465633496 timeout:60]

2025/04/22 01:24:40 bot.go:122: [INFO] Endpoint: getUpdates, response: {"ok":true,"result":[{"update_id":465633496,
"message":{"message_id":81,"from":{"id":7912107913,"is_bot":false,"first_name":"rdd","username":"rainyun_server"},"chat":{"id":-1002479692773,"title":"qwq","type":"supergroup"},"date":1745256285,"text":"\u9879\u76ee"}}]}

2025/04/22 01:24:40 bot.go:96: [INFO] Endpoint: getUpdates, params: map[allowed_updates:null offset:465633497 timeout:60]

2025/04/22 01:24:42 bot.go:122: [INFO] Endpoint: getUpdates, response: {"ok":true,"result":[{"update_id":465633497,
"message":{"message_id":82,"from":{"id":7912107913,"is_bot":false,"first_name":"rdd","username":"rainyun_server"},"chat":{"id":-1002479692773,"title":"qwq","type":"supergroup"},"date":1745256287,"text":"\u7fa1\u6155"}}]}

2025/04/22 01:24:42 bot.go:96: [INFO] Endpoint: getUpdates, params: map[allowed_updates:null offset:465633498 timeout:60]

2025/04/22 01:24:46 bot.go:122: [INFO] Endpoint: getUpdates, response: {"ok":true,"result":[{"update_id":465633498,
"message":{"message_id":83,"from":{"id":7912107913,"is_bot":false,"first_name":"rdd","username":"rainyun_server"},"chat":{"id":-1002479692773,"title":"qwq","type":"supergroup"},"date":1745256291,"text":"/cd","entities":[{"offset":0,"length":3,"type":"bot_command"}]}}]}

2025/04/22 01:24:46 bot.go:96: [INFO] Endpoint: getUpdates, params: map[allowed_updates:null offset:465633499 timeout:60]

2025/04/22 01:24:57 bot.go:122: [INFO] Endpoint: getUpdates, response: {"ok":true,"result":[{"update_id":465633499,
"message":{"message_id":84,"from":{"id":5568996608,"is_bot":false,"first_name":"\u841d\u8389\u8d5b\u9ad8 | Roam","username":"TheSw1m","language_code":"zh-hans","is_premium":true},"chat":{"id":-1002479692773,"title":"qwq","type":"supergroup"},"date":1745256302,"text":"/cd","entities":[{"offset":0,"length":3,"type":"bot_command"}]}}]}

2025/04/22 01:24:57 bot.go:96: [INFO] Endpoint: getUpdates, params: map[allowed_updates:null offset:465633500 timeout:60]

2025/04/22 01:25:47 bot.go:122: [INFO] Endpoint: getUpdates, response: {"ok":true,"result":[]}

2025/04/22 01:25:47 bot.go:96: [INFO] Endpoint: getUpdates, params: map[allowed_updates:null offset:465633500 timeout:60]

2025/04/22 01:26:37 bot.go:122: [INFO] Endpoint: getUpdates, response: {"ok":true,"result":[]}

2025/04/22 01:26:37 bot.go:96: [INFO] Endpoint: getUpdates, params: map[allowed_updates:null offset:465633500 timeout:60]

2025/04/22 01:27:28 bot.go:122: [INFO] Endpoint: getUpdates, response: {"ok":true,"result":[]}

2025/04/22 01:27:28 bot.go:96: [INFO] Endpoint: getUpdates, params: map[allowed_updates:null offset:465633500 timeout:60]

2025/04/22 01:27:45 bot.go:98: [INFO] Using proxy: http://127.0.0.1:7890
2025/04/22 01:27:45 bot.go:96: [INFO] Endpoint: getUpdates, params: map[allowed_updates:null timeout:60]

2025/04/22 01:27:58 bot.go:122: [INFO] Endpoint: getUpdates, response: {"ok":true,"result":[{"update_id":465633500,
"message":{"message_id":85,"from":{"id":5568996608,"is_bot":false,"first_name":"\u841d\u8389\u8d5b\u9ad8 | Roam","username":"TheSw1m","language_code":"zh-hans","is_premium":true},"chat":{"id":-1002479692773,"title":"qwq","type":"supergroup"},"date":1745256483,"text":"/cd","entities":[{"offset":0,"length":3,"type":"bot_command"}]}}]}

2025/04/22 01:27:58 bot.go:96: [INFO] Endpoint: getUpdates, params: map[allowed_updates:null offset:465633501 timeout:60]

2025/04/22 01:27:58 custom.go:220: [INFO] 用户萝莉赛高 | Roam执行了cd操作
2025/04/22 01:27:58 bot.go:96: [INFO] Endpoint: sendMessage, params: map[chat_id:-1002479692773 entities:null text:当前剩余CD 0天0小时0分钟0秒]

2025/04/22 01:27:58 bot.go:122: [INFO] Endpoint: sendMessage, response: {"ok":true,"result":{"message_id":86,"from":{"id":7321634203,"is_bot":true,"first_name":"testbot","username":"theswimtestbot"},"chat":{"id":-1002479692773,"title":"qwq","type":"supergroup"},"date":1745256483,"text":"\u5f53\u524d\u5269\u4f59CD 0\u59290\u5c0f\u65f60\u5206\u949f0\u79d2"}}

2025/04/22 01:28:00 bot.go:122: [INFO] Endpoint: getUpdates, response: {"ok":true,"result":[{"update_id":465633501,
"message":{"message_id":87,"from":{"id":5568996608,"is_bot":false,"first_name":"\u841d\u8389\u8d5b\u9ad8 | Roam","username":"TheSw1m","language_code":"zh-hans","is_premium":true},"chat":{"id":-1002479692773,"title":"qwq","type":"supergroup"},"date":1745256485,"text":"\u7fa1\u6155"}}]}

2025/04/22 01:28:00 bot.go:96: [INFO] Endpoint: getUpdates, params: map[allowed_updates:null offset:465633502 timeout:60]

2025/04/22 01:28:03 bot.go:122: [INFO] Endpoint: getUpdates, response: {"ok":true,"result":[{"update_id":465633502,
"message":{"message_id":88,"from":{"id":7912107913,"is_bot":false,"first_name":"rdd","username":"rainyun_server"},"chat":{"id":-1002479692773,"title":"qwq","type":"supergroup"},"date":1745256488,"text":"xm"}}]}

2025/04/22 01:28:03 bot.go:96: [INFO] Endpoint: getUpdates, params: map[allowed_updates:null offset:465633503 timeout:60]

2025/04/22 01:28:05 bot.go:122: [INFO] Endpoint: getUpdates, response: {"ok":true,"result":[{"update_id":465633503,
"message":{"message_id":89,"from":{"id":7912107913,"is_bot":false,"first_name":"rdd","username":"rainyun_server"},"chat":{"id":-1002479692773,"title":"qwq","type":"supergroup"},"date":1745256490,"text":"\u9879\u76ee\u2018"}}]}

2025/04/22 01:28:05 bot.go:96: [INFO] Endpoint: getUpdates, params: map[allowed_updates:null offset:465633504 timeout:60]

2025/04/22 01:28:06 bot.go:122: [INFO] Endpoint: getUpdates, response: {"ok":true,"result":[{"update_id":465633504,
"message":{"message_id":90,"from":{"id":7912107913,"is_bot":false,"first_name":"rdd","username":"rainyun_server"},"chat":{"id":-1002479692773,"title":"qwq","type":"supergroup"},"date":1745256491,"text":"\u7fa1\u6155"}}]}

2025/04/22 01:28:06 bot.go:96: [INFO] Endpoint: getUpdates, params: map[allowed_updates:null offset:465633505 timeout:60]

2025/04/22 01:28:08 bot.go:122: [INFO] Endpoint: getUpdates, response: {"ok":true,"result":[{"update_id":465633505,
"message":{"message_id":91,"from":{"id":5568996608,"is_bot":false,"first_name":"\u841d\u8389\u8d5b\u9ad8 | Roam","username":"TheSw1m","language_code":"zh-hans","is_premium":true},"chat":{"id":-1002479692773,"title":"qwq","type":"supergroup"},"date":1745256493,"text":"/cd","entities":[{"offset":0,"length":3,"type":"bot_command"}]}}]}

2025/04/22 01:28:08 bot.go:96: [INFO] Endpoint: getUpdates, params: map[allowed_updates:null offset:465633506 timeout:60]

2025/04/22 01:28:58 bot.go:122: [INFO] Endpoint: getUpdates, response: {"ok":true,"result":[]}

2025/04/22 01:28:58 bot.go:96: [INFO] Endpoint: getUpdates, params: map[allowed_updates:null offset:465633506 timeout:60]

2025/04/22 01:29:49 bot.go:122: [INFO] Endpoint: getUpdates, response: {"ok":true,"result":[]}

2025/04/22 01:29:49 bot.go:96: [INFO] Endpoint: getUpdates, params: map[allowed_updates:null offset:465633506 timeout:60]

