2025/04/21 01:46:11 bot.go:98: [INFO] Using proxy: http://127.0.0.1:7890
2025/04/21 01:46:11 bot.go:96: [INFO] Endpoint: getUpdates, params: map[allowed_updates:null timeout:60]

2025/04/21 01:46:26 bot.go:122: [INFO] Endpoint: getUpdates, response: {"ok":true,"result":[{"update_id":465633414,
"message":{"message_id":478,"from":{"id":5568996608,"is_bot":false,"first_name":"\u841d\u8389\u8d5b\u9ad8 | Roam","username":"TheSw1m","language_code":"zh-hans","is_premium":true},"chat":{"id":-4593962739,"title":"qwq","type":"group","all_members_are_administrators":true,"accepted_gift_types":{"unlimited_gifts":false,"limited_gifts":false,"unique_gifts":false,"premium_subscription":false}},"date":1745171191,"text":"/changecd static 1","entities":[{"offset":0,"length":9,"type":"bot_command"}]}}]}

2025/04/21 01:46:26 bot.go:96: [INFO] Endpoint: getUpdates, params: map[allowed_updates:null offset:465633415 timeout:60]

2025/04/21 01:46:32 bot.go:122: [INFO] Endpoint: getUpdates, response: {"ok":true,"result":[{"update_id":465633415,
"message":{"message_id":479,"from":{"id":5568996608,"is_bot":false,"first_name":"\u841d\u8389\u8d5b\u9ad8 | Roam","username":"TheSw1m","language_code":"zh-hans","is_premium":true},"chat":{"id":-4593962739,"title":"qwq","type":"group","all_members_are_administrators":true,"accepted_gift_types":{"unlimited_gifts":false,"limited_gifts":false,"unique_gifts":false,"premium_subscription":false}},"date":1745171196,"text":"/test","entities":[{"offset":0,"length":5,"type":"bot_command"}]}}]}

2025/04/21 01:46:32 bot.go:96: [INFO] Endpoint: getUpdates, params: map[allowed_updates:null offset:465633416 timeout:60]

2025/04/21 01:47:22 bot.go:122: [INFO] Endpoint: getUpdates, response: {"ok":true,"result":[]}

2025/04/21 01:47:22 bot.go:96: [INFO] Endpoint: getUpdates, params: map[allowed_updates:null offset:465633416 timeout:60]

2025/04/21 01:47:39 bot.go:122: [INFO] Endpoint: getUpdates, response: {"ok":true,"result":[{"update_id":465633416,
"message":{"message_id":480,"from":{"id":5568996608,"is_bot":false,"first_name":"\u841d\u8389\u8d5b\u9ad8 | Roam","username":"TheSw1m","language_code":"zh-hans","is_premium":true},"chat":{"id":-4593962739,"title":"qwq","type":"group","all_members_are_administrators":true,"accepted_gift_types":{"unlimited_gifts":false,"limited_gifts":false,"unique_gifts":false,"premium_subscription":false}},"date":1745171264,"text":"/test","entities":[{"offset":0,"length":5,"type":"bot_command"}]}}]}

2025/04/21 01:47:39 bot.go:96: [INFO] Endpoint: getUpdates, params: map[allowed_updates:null offset:465633417 timeout:60]

2025/04/21 01:47:41 bot.go:122: [INFO] Endpoint: getUpdates, response: {"ok":true,"result":[{"update_id":465633417,
"message":{"message_id":481,"from":{"id":5568996608,"is_bot":false,"first_name":"\u841d\u8389\u8d5b\u9ad8 | Roam","username":"TheSw1m","language_code":"zh-hans","is_premium":true},"chat":{"id":-4593962739,"title":"qwq","type":"group","all_members_are_administrators":true,"accepted_gift_types":{"unlimited_gifts":false,"limited_gifts":false,"unique_gifts":false,"premium_subscription":false}},"date":1745171266,"text":"1"}}]}

2025/04/21 01:47:41 bot.go:96: [INFO] Endpoint: getUpdates, params: map[allowed_updates:null offset:465633418 timeout:60]

2025/04/21 01:47:43 bot.go:122: [INFO] Endpoint: getUpdates, response: {"ok":true,"result":[{"update_id":465633418,
"message":{"message_id":482,"from":{"id":5568996608,"is_bot":false,"first_name":"\u841d\u8389\u8d5b\u9ad8 | Roam","username":"TheSw1m","language_code":"zh-hans","is_premium":true},"chat":{"id":-4593962739,"title":"qwq","type":"group","all_members_are_administrators":true,"accepted_gift_types":{"unlimited_gifts":false,"limited_gifts":false,"unique_gifts":false,"premium_subscription":false}},"date":1745171267,"text":"\u7fa1\u6155"}}]}

2025/04/21 01:47:43 bot.go:96: [INFO] Endpoint: getUpdates, params: map[allowed_updates:null offset:465633419 timeout:60]

2025/04/21 01:47:43 bot.go:96: [INFO] Endpoint: sendMessage, params: map[chat_id:-4593962739 entities:null reply_to_message_id:482 text:不许羡慕！]

2025/04/21 01:47:43 bot.go:122: [INFO] Endpoint: sendMessage, response: {"ok":true,"result":{"message_id":483,"from":{"id":7321634203,"is_bot":true,"first_name":"testbot","username":"theswimtestbot"},"chat":{"id":-4593962739,"title":"qwq","type":"group","all_members_are_administrators":true,"accepted_gift_types":{"unlimited_gifts":false,"limited_gifts":false,"unique_gifts":false,"premium_subscription":false}},"date":1745171268,"reply_to_message":{"message_id":482,"from":{"id":5568996608,"is_bot":false,"first_name":"\u841d\u8389\u8d5b\u9ad8 | Roam","username":"TheSw1m","language_code":"zh-hans","is_premium":true},"chat":{"id":-4593962739,"title":"qwq","type":"group","all_members_are_administrators":true,"accepted_gift_types":{"unlimited_gifts":false,"limited_gifts":false,"unique_gifts":false,"premium_subscription":false}},"date":1745171267,"text":"\u7fa1\u6155"},"text":"\u4e0d\u8bb8\u7fa1\u6155\uff01"}}

2025/04/21 01:47:52 bot.go:122: [INFO] Endpoint: getUpdates, response: {"ok":true,"result":[{"update_id":465633419,
"message":{"message_id":484,"from":{"id":5568996608,"is_bot":false,"first_name":"\u841d\u8389\u8d5b\u9ad8 | Roam","username":"TheSw1m","language_code":"zh-hans","is_premium":true},"chat":{"id":-4593962739,"title":"qwq","type":"group","all_members_are_administrators":true,"accepted_gift_types":{"unlimited_gifts":false,"limited_gifts":false,"unique_gifts":false,"premium_subscription":false}},"date":1745171276,"text":"/changecd","entities":[{"offset":0,"length":9,"type":"bot_command"}]}}]}

2025/04/21 01:47:52 bot.go:96: [INFO] Endpoint: getUpdates, params: map[allowed_updates:null offset:465633420 timeout:60]

2025/04/21 01:48:42 bot.go:122: [INFO] Endpoint: getUpdates, response: {"ok":true,"result":[]}

2025/04/21 01:48:42 bot.go:96: [INFO] Endpoint: getUpdates, params: map[allowed_updates:null offset:465633420 timeout:60]

2025/04/21 01:49:49 bot.go:96: [INFO] Endpoint: getUpdates, params: map[allowed_updates:null timeout:60]

2025/04/21 01:50:03 bot.go:122: [INFO] Endpoint: getUpdates, response: {"ok":true,"result":[{"update_id":465633420,
"message":{"message_id":485,"from":{"id":5568996608,"is_bot":false,"first_name":"\u841d\u8389\u8d5b\u9ad8 | Roam","username":"TheSw1m","language_code":"zh-hans","is_premium":true},"chat":{"id":-4593962739,"title":"qwq","type":"group","all_members_are_administrators":true,"accepted_gift_types":{"unlimited_gifts":false,"limited_gifts":false,"unique_gifts":false,"premium_subscription":false}},"date":1745171406,"text":"/test","entities":[{"offset":0,"length":5,"type":"bot_command"}]}}]}

2025/04/21 01:50:03 bot.go:96: [INFO] Endpoint: getUpdates, params: map[allowed_updates:null offset:465633421 timeout:60]

2025/04/21 01:50:19 bot.go:122: [INFO] Endpoint: getUpdates, response: {"ok":true,"result":[{"update_id":465633421,
"message":{"message_id":486,"from":{"id":5568996608,"is_bot":false,"first_name":"\u841d\u8389\u8d5b\u9ad8 | Roam","username":"TheSw1m","language_code":"zh-hans","is_premium":true},"chat":{"id":-4593962739,"title":"qwq","type":"group","all_members_are_administrators":true,"accepted_gift_types":{"unlimited_gifts":false,"limited_gifts":false,"unique_gifts":false,"premium_subscription":false}},"date":1745171424,"text":"/test","entities":[{"offset":0,"length":5,"type":"bot_command"}]}}]}

2025/04/21 01:50:19 bot.go:96: [INFO] Endpoint: getUpdates, params: map[allowed_updates:null offset:465633422 timeout:60]

2025/04/21 01:50:24 bot.go:122: [INFO] Endpoint: getUpdates, response: {"ok":true,"result":[{"update_id":465633422,
"message":{"message_id":487,"from":{"id":5568996608,"is_bot":false,"first_name":"\u841d\u8389\u8d5b\u9ad8 | Roam","username":"TheSw1m","language_code":"zh-hans","is_premium":true},"chat":{"id":-4593962739,"title":"qwq","type":"group","all_members_are_administrators":true,"accepted_gift_types":{"unlimited_gifts":false,"limited_gifts":false,"unique_gifts":false,"premium_subscription":false}},"date":1745171428,"text":"1"}}]}

2025/04/21 01:50:24 bot.go:96: [INFO] Endpoint: getUpdates, params: map[allowed_updates:null offset:465633423 timeout:60]

2025/04/21 01:50:45 bot.go:122: [INFO] Endpoint: getUpdates, response: {"ok":true,"result":[{"update_id":465633423,
"message":{"message_id":488,"from":{"id":5568996608,"is_bot":false,"first_name":"\u841d\u8389\u8d5b\u9ad8 | Roam","username":"TheSw1m","language_code":"zh-hans","is_premium":true},"chat":{"id":-4593962739,"title":"qwq","type":"group","all_members_are_administrators":true,"accepted_gift_types":{"unlimited_gifts":false,"limited_gifts":false,"unique_gifts":false,"premium_subscription":false}},"date":1745171448,"text":"1"}}]}

2025/04/21 01:50:45 bot.go:96: [INFO] Endpoint: getUpdates, params: map[allowed_updates:null offset:465633424 timeout:60]

2025/04/21 01:51:41 bot.go:96: [INFO] Endpoint: getUpdates, params: map[allowed_updates:null timeout:60]

2025/04/21 01:51:47 bot.go:122: [INFO] Endpoint: getUpdates, response: {"ok":true,"result":[{"update_id":465633424,
"message":{"message_id":489,"from":{"id":5568996608,"is_bot":false,"first_name":"\u841d\u8389\u8d5b\u9ad8 | Roam","username":"TheSw1m","language_code":"zh-hans","is_premium":true},"chat":{"id":-4593962739,"title":"qwq","type":"group","all_members_are_administrators":true,"accepted_gift_types":{"unlimited_gifts":false,"limited_gifts":false,"unique_gifts":false,"premium_subscription":false}},"date":1745171511,"text":"/test","entities":[{"offset":0,"length":5,"type":"bot_command"}]}}]}

2025/04/21 01:51:47 bot.go:96: [INFO] Endpoint: getUpdates, params: map[allowed_updates:null offset:465633425 timeout:60]

2025/04/21 01:52:18 bot.go:122: [INFO] Endpoint: getUpdates, response: {"ok":true,"result":[{"update_id":465633425,
"my_chat_member":{"chat":{"id":-1002479692773,"title":"qwq","type":"supergroup"},"from":{"id":5568996608,"is_bot":false,"first_name":"\u841d\u8389\u8d5b\u9ad8 | Roam","username":"TheSw1m","language_code":"zh-hans","is_premium":true},"date":1745171542,"old_chat_member":{"user":{"id":7321634203,"is_bot":true,"first_name":"testbot","username":"theswimtestbot"},"status":"left"},"new_chat_member":{"user":{"id":7321634203,"is_bot":true,"first_name":"testbot","username":"theswimtestbot"},"status":"member"}}}]}

2025/04/21 01:52:18 bot.go:96: [INFO] Endpoint: getUpdates, params: map[allowed_updates:null offset:465633426 timeout:60]

2025/04/21 01:52:18 bot.go:122: [INFO] Endpoint: getUpdates, response: {"ok":true,"result":[{"update_id":465633426,
"message":{"message_id":1,"from":{"id":1087968824,"is_bot":true,"first_name":"Group","username":"GroupAnonymousBot"},"sender_chat":{"id":-1002479692773,"title":"qwq","type":"supergroup"},"chat":{"id":-1002479692773,"title":"qwq","type":"supergroup"},"date":1745171542,"migrate_from_chat_id":-4593962739}},{"update_id":465633427,
"message":{"message_id":490,"from":{"id":5568996608,"is_bot":false,"first_name":"\u841d\u8389\u8d5b\u9ad8 | Roam","username":"TheSw1m","language_code":"zh-hans","is_premium":true},"chat":{"id":-4593962739,"title":"qwq","type":"group","all_members_are_administrators":false,"accepted_gift_types":{"unlimited_gifts":false,"limited_gifts":false,"unique_gifts":false,"premium_subscription":false}},"date":1745171543,"migrate_to_chat_id":-1002479692773}}]}

2025/04/21 01:52:18 bot.go:96: [INFO] Endpoint: getUpdates, params: map[allowed_updates:null offset:465633428 timeout:60]

2025/04/21 01:52:26 bot.go:122: [INFO] Endpoint: getUpdates, response: {"ok":true,"result":[{"update_id":465633428,
"message":{"message_id":2,"from":{"id":5568996608,"is_bot":false,"first_name":"\u841d\u8389\u8d5b\u9ad8 | Roam","username":"TheSw1m","language_code":"zh-hans","is_premium":true},"chat":{"id":-1002479692773,"title":"qwq","type":"supergroup"},"date":1745171550,"text":"/test","entities":[{"offset":0,"length":5,"type":"bot_command"}]}}]}

2025/04/21 01:52:26 bot.go:96: [INFO] Endpoint: getUpdates, params: map[allowed_updates:null offset:465633429 timeout:60]

2025/04/21 01:52:41 bot.go:96: [INFO] Endpoint: getUpdates, params: map[allowed_updates:null timeout:60]

2025/04/21 01:52:41 bot.go:122: [INFO] Endpoint: getUpdates, response: {"ok":true,"result":[{"update_id":465633429,
"message":{"message_id":3,"from":{"id":5568996608,"is_bot":false,"first_name":"\u841d\u8389\u8d5b\u9ad8 | Roam","username":"TheSw1m","language_code":"zh-hans","is_premium":true},"chat":{"id":-1002479692773,"title":"qwq","type":"supergroup"},"date":1745171558,"text":"1"}}]}

2025/04/21 01:52:41 bot.go:96: [INFO] Endpoint: getUpdates, params: map[allowed_updates:null offset:465633430 timeout:60]

2025/04/21 01:52:44 bot.go:122: [INFO] Endpoint: getUpdates, response: {"ok":true,"result":[{"update_id":465633430,
"message":{"message_id":4,"from":{"id":5568996608,"is_bot":false,"first_name":"\u841d\u8389\u8d5b\u9ad8 | Roam","username":"TheSw1m","language_code":"zh-hans","is_premium":true},"chat":{"id":-1002479692773,"title":"qwq","type":"supergroup"},"date":1745171568,"text":"1"}}]}

2025/04/21 01:52:44 bot.go:96: [INFO] Endpoint: getUpdates, params: map[allowed_updates:null offset:465633431 timeout:60]

2025/04/21 01:52:46 bot.go:122: [INFO] Endpoint: getUpdates, response: {"ok":true,"result":[{"update_id":465633431,
"message":{"message_id":5,"from":{"id":5568996608,"is_bot":false,"first_name":"\u841d\u8389\u8d5b\u9ad8 | Roam","username":"TheSw1m","language_code":"zh-hans","is_premium":true},"chat":{"id":-1002479692773,"title":"qwq","type":"supergroup"},"date":1745171570,"text":"/test","entities":[{"offset":0,"length":5,"type":"bot_command"}]}}]}

2025/04/21 01:52:46 bot.go:96: [INFO] Endpoint: getUpdates, params: map[allowed_updates:null offset:465633432 timeout:60]

2025/04/21 01:53:33 bot.go:122: [INFO] Endpoint: getUpdates, response: {"ok":true,"result":[{"update_id":465633432,
"message":{"message_id":6,"from":{"id":5568996608,"is_bot":false,"first_name":"\u841d\u8389\u8d5b\u9ad8 | Roam","username":"TheSw1m","language_code":"zh-hans","is_premium":true},"chat":{"id":-1002479692773,"title":"qwq","type":"supergroup"},"date":1745171617,"text":"\u7fa1\u6155"}}]}

2025/04/21 01:53:33 bot.go:96: [INFO] Endpoint: getUpdates, params: map[allowed_updates:null offset:465633433 timeout:60]

2025/04/21 01:53:33 bot.go:96: [INFO] Endpoint: sendMessage, params: map[chat_id:-1002479692773 entities:null reply_to_message_id:6 text:不许羡慕！]

2025/04/21 01:53:33 bot.go:122: [INFO] Endpoint: sendMessage, response: {"ok":true,"result":{"message_id":7,"from":{"id":7321634203,"is_bot":true,"first_name":"testbot","username":"theswimtestbot"},"chat":{"id":-1002479692773,"title":"qwq","type":"supergroup"},"date":1745171618,"message_thread_id":6,"reply_to_message":{"message_id":6,"from":{"id":5568996608,"is_bot":false,"first_name":"\u841d\u8389\u8d5b\u9ad8 | Roam","username":"TheSw1m","language_code":"zh-hans","is_premium":true},"chat":{"id":-1002479692773,"title":"qwq","type":"supergroup"},"date":1745171617,"text":"\u7fa1\u6155"},"text":"\u4e0d\u8bb8\u7fa1\u6155\uff01"}}

2025/04/21 01:54:03 bot.go:122: [INFO] Endpoint: getUpdates, response: {"ok":true,"result":[{"update_id":465633433,
"message":{"message_id":8,"from":{"id":5568996608,"is_bot":false,"first_name":"\u841d\u8389\u8d5b\u9ad8 | Roam","username":"TheSw1m","language_code":"zh-hans","is_premium":true},"chat":{"id":-1002479692773,"title":"qwq","type":"supergroup"},"date":1745171647,"text":"/test","entities":[{"offset":0,"length":5,"type":"bot_command"}]}}]}

2025/04/21 01:54:03 bot.go:96: [INFO] Endpoint: getUpdates, params: map[allowed_updates:null offset:465633434 timeout:60]

2025/04/21 01:54:13 bot.go:96: [INFO] Endpoint: getUpdates, params: map[allowed_updates:null timeout:60]

2025/04/21 01:54:15 bot.go:122: [INFO] Endpoint: getUpdates, response: {"ok":true,"result":[{"update_id":465633434,
"message":{"message_id":9,"from":{"id":5568996608,"is_bot":false,"first_name":"\u841d\u8389\u8d5b\u9ad8 | Roam","username":"TheSw1m","language_code":"zh-hans","is_premium":true},"chat":{"id":-1002479692773,"title":"qwq","type":"supergroup"},"date":1745171660,"text":"/test","entities":[{"offset":0,"length":5,"type":"bot_command"}]}}]}

2025/04/21 01:54:15 bot.go:96: [INFO] Endpoint: getUpdates, params: map[allowed_updates:null offset:465633435 timeout:60]

2025/04/21 12:10:14 bot.go:98: [INFO] Using proxy: http://127.0.0.1:7890
2025/04/21 12:10:14 bot.go:96: [INFO] Endpoint: getUpdates, params: map[allowed_updates:null timeout:60]

2025/04/21 12:10:32 bot.go:122: [INFO] Endpoint: getUpdates, response: {"ok":true,"result":[{"update_id":465633435,
"message":{"message_id":10,"from":{"id":5568996608,"is_bot":false,"first_name":"\u841d\u8389\u8d5b\u9ad8 | Roam","username":"TheSw1m","language_code":"zh-hans","is_premium":true},"chat":{"id":-1002479692773,"title":"qwq","type":"supergroup"},"date":1745208637,"text":"/test","entities":[{"offset":0,"length":5,"type":"bot_command"}]}}]}

2025/04/21 12:10:32 bot.go:96: [INFO] Endpoint: getUpdates, params: map[allowed_updates:null offset:465633436 timeout:60]

2025/04/21 12:11:22 bot.go:122: [INFO] Endpoint: getUpdates, response: {"ok":true,"result":[]}

2025/04/21 12:11:22 bot.go:96: [INFO] Endpoint: getUpdates, params: map[allowed_updates:null offset:465633436 timeout:60]

2025/04/21 12:12:12 bot.go:122: [INFO] Endpoint: getUpdates, response: {"ok":true,"result":[]}

2025/04/21 12:12:12 bot.go:96: [INFO] Endpoint: getUpdates, params: map[allowed_updates:null offset:465633436 timeout:60]

2025/04/21 12:40:22 bot.go:98: [INFO] Using proxy: http://127.0.0.1:7890
2025/04/21 12:40:22 bot.go:96: [INFO] Endpoint: getUpdates, params: map[allowed_updates:null timeout:60]

2025/04/21 12:40:31 bot.go:122: [INFO] Endpoint: getUpdates, response: {"ok":true,"result":[{"update_id":465633436,
"message":{"message_id":11,"from":{"id":5568996608,"is_bot":false,"first_name":"\u841d\u8389\u8d5b\u9ad8 | Roam","username":"TheSw1m","language_code":"zh-hans","is_premium":true},"chat":{"id":-1002479692773,"title":"qwq","type":"supergroup"},"date":1745210436,"text":"/test","entities":[{"offset":0,"length":5,"type":"bot_command"}]}}]}

2025/04/21 12:40:31 bot.go:96: [INFO] Endpoint: getUpdates, params: map[allowed_updates:null offset:465633437 timeout:60]

2025/04/21 12:40:31 custom.go:220: [INFO] 用户萝莉赛高 | Roam执行了test操作
2025/04/21 12:40:31 bot.go:96: [INFO] Endpoint: sendMessage, params: map[chat_id:-1002479692773 entities:null text:当前cd 0]

2025/04/21 12:40:32 bot.go:122: [INFO] Endpoint: sendMessage, response: {"ok":true,"result":{"message_id":12,"from":{"id":7321634203,"is_bot":true,"first_name":"testbot","username":"theswimtestbot"},"chat":{"id":-1002479692773,"title":"qwq","type":"supergroup"},"date":1745210436,"text":"\u5f53\u524dcd 0"}}

2025/04/21 12:40:40 bot.go:122: [INFO] Endpoint: getUpdates, response: {"ok":true,"result":[{"update_id":465633437,
"message":{"message_id":13,"from":{"id":5568996608,"is_bot":false,"first_name":"\u841d\u8389\u8d5b\u9ad8 | Roam","username":"TheSw1m","language_code":"zh-hans","is_premium":true},"chat":{"id":-1002479692773,"title":"qwq","type":"supergroup"},"date":1745210445,"text":"/changecd static 100","entities":[{"offset":0,"length":9,"type":"bot_command"}]}}]}

2025/04/21 12:40:40 bot.go:96: [INFO] Endpoint: getUpdates, params: map[allowed_updates:null offset:465633438 timeout:60]

2025/04/21 12:40:40 custom.go:220: [INFO] 用户萝莉赛高 | Roam执行了changecd操作
2025/04/21 12:40:40 bot.go:96: [INFO] Endpoint: getChatMember, params: map[chat_id:-1002479692773 user_id:5568996608]

2025/04/21 12:40:41 bot.go:122: [INFO] Endpoint: getChatMember, response: {"ok":true,"result":{"user":{"id":5568996608,"is_bot":false,"first_name":"\u841d\u8389\u8d5b\u9ad8 | Roam","username":"TheSw1m","language_code":"zh-hans","is_premium":true},"status":"creator","is_anonymous":false}}

2025/04/21 12:40:41 custom.go:119: [INFO] Recovered err=runtime error: index out of range [2] with length 2, stack=goroutine 1 [running]:
runtime/debug.Stack()
	C:/Program Files/Go/src/runtime/debug/stack.go:26 +0x5e
github.com/ijnkawakaze/telegram-bot-api.(*Bot).Run.recoverWarp.func1.1()
	C:/msys64/home/TheSw1m/go/pkg/mod/github.com/ijnkawakaze/telegram-bot-api@v1.0.9/custom.go:118 +0x38
panic({0x4c5d40?, 0xc0003b0078?})
	C:/Program Files/Go/src/runtime/panic.go:785 +0x132
github.com/swim233/do_not_xm/utils/handler.changeCoolDown({0x1bc1009d, 0xc0003aa008, 0x0, 0x0, 0x0, 0x0, 0x0, 0x0, 0x0, 0x0, ...})
	C:/Users/85327/source/repos/gorepo/do_not_xm/src/utils/handler/commandHandler.go:32 +0x2bb
github.com/swim233/do_not_xm/utils/handler.MessageProcessor.ChangeCoolDown({0xc00016bc00?}, {0x1bc1009d, 0xc0003aa008, 0x0, 0x0, 0x0, 0x0, 0x0, 0x0, 0x0, ...})
	C:/Users/85327/source/repos/gorepo/do_not_xm/src/utils/handler/messageSendHandler.go:88 +0xd9
github.com/ijnkawakaze/telegram-bot-api.(*Bot).Run.recoverWarp.func1({0x1bc1009d, 0xc0003aa008, 0x0, 0x0, 0x0, 0x0, 0x0, 0x0, 0x0, 0x0, ...})
	C:/msys64/home/TheSw1m/go/pkg/mod/github.com/ijnkawakaze/telegram-bot-api@v1.0.9/custom.go:122 +0x7b
github.com/ijnkawakaze/telegram-bot-api.(*Bot).Run(0xc00016bee0)
	C:/msys64/home/TheSw1m/go/pkg/mod/github.com/ijnkawakaze/telegram-bot-api@v1.0.9/custom.go:222 +0x586
main.main()
	C:/Users/85327/source/repos/gorepo/do_not_xm/src/main.go:20 +0x24b


2025/04/21 12:40:43 bot.go:122: [INFO] Endpoint: getUpdates, response: {"ok":true,"result":[{"update_id":465633438,
"message":{"message_id":14,"from":{"id":5568996608,"is_bot":false,"first_name":"\u841d\u8389\u8d5b\u9ad8 | Roam","username":"TheSw1m","language_code":"zh-hans","is_premium":true},"chat":{"id":-1002479692773,"title":"qwq","type":"supergroup"},"date":1745210448,"text":"/cd","entities":[{"offset":0,"length":3,"type":"bot_command"}]}}]}

2025/04/21 12:40:43 bot.go:96: [INFO] Endpoint: getUpdates, params: map[allowed_updates:null offset:465633439 timeout:60]

2025/04/21 12:40:45 bot.go:122: [INFO] Endpoint: getUpdates, response: {"ok":true,"result":[{"update_id":465633439,
"message":{"message_id":15,"from":{"id":5568996608,"is_bot":false,"first_name":"\u841d\u8389\u8d5b\u9ad8 | Roam","username":"TheSw1m","language_code":"zh-hans","is_premium":true},"chat":{"id":-1002479692773,"title":"qwq","type":"supergroup"},"date":1745210450,"text":"/test","entities":[{"offset":0,"length":5,"type":"bot_command"}]}}]}

2025/04/21 12:40:45 bot.go:96: [INFO] Endpoint: getUpdates, params: map[allowed_updates:null offset:465633440 timeout:60]

2025/04/21 12:40:45 custom.go:220: [INFO] 用户萝莉赛高 | Roam执行了test操作
2025/04/21 12:40:45 bot.go:96: [INFO] Endpoint: sendMessage, params: map[chat_id:-1002479692773 entities:null text:当前cd 0]

2025/04/21 12:40:46 bot.go:122: [INFO] Endpoint: sendMessage, response: {"ok":true,"result":{"message_id":16,"from":{"id":7321634203,"is_bot":true,"first_name":"testbot","username":"theswimtestbot"},"chat":{"id":-1002479692773,"title":"qwq","type":"supergroup"},"date":1745210451,"text":"\u5f53\u524dcd 0"}}

2025/04/21 12:41:22 bot.go:98: [INFO] Using proxy: http://127.0.0.1:7890
2025/04/21 12:41:22 bot.go:96: [INFO] Endpoint: getUpdates, params: map[allowed_updates:null timeout:60]

2025/04/21 12:41:29 bot.go:122: [INFO] Endpoint: getUpdates, response: {"ok":true,"result":[{"update_id":465633440,
"message":{"message_id":17,"from":{"id":5568996608,"is_bot":false,"first_name":"\u841d\u8389\u8d5b\u9ad8 | Roam","username":"TheSw1m","language_code":"zh-hans","is_premium":true},"chat":{"id":-1002479692773,"title":"qwq","type":"supergroup"},"date":1745210493,"text":"/changecd static 100","entities":[{"offset":0,"length":9,"type":"bot_command"}]}}]}

2025/04/21 12:41:29 bot.go:96: [INFO] Endpoint: getUpdates, params: map[allowed_updates:null offset:465633441 timeout:60]

2025/04/21 12:41:29 custom.go:220: [INFO] 用户萝莉赛高 | Roam执行了changecd操作
2025/04/21 12:41:29 bot.go:96: [INFO] Endpoint: getChatMember, params: map[chat_id:-1002479692773 user_id:5568996608]

2025/04/21 12:41:29 bot.go:122: [INFO] Endpoint: getChatMember, response: {"ok":true,"result":{"user":{"id":5568996608,"is_bot":false,"first_name":"\u841d\u8389\u8d5b\u9ad8 | Roam","username":"TheSw1m","language_code":"zh-hans","is_premium":true},"status":"creator","is_anonymous":false}}

2025/04/21 12:41:29 bot.go:96: [INFO] Endpoint: sendMessage, params: map[chat_id:-1002479692773 entities:null text:时间选项有误，请重新输入]

2025/04/21 12:41:29 bot.go:122: [INFO] Endpoint: sendMessage, response: {"ok":true,"result":{"message_id":18,"from":{"id":7321634203,"is_bot":true,"first_name":"testbot","username":"theswimtestbot"},"chat":{"id":-1002479692773,"title":"qwq","type":"supergroup"},"date":1745210494,"text":"\u65f6\u95f4\u9009\u9879\u6709\u8bef\uff0c\u8bf7\u91cd\u65b0\u8f93\u5165"}}

2025/04/21 12:41:29 custom.go:224: [INFO] Plugin Error错误的时间选项
2025/04/21 12:41:41 bot.go:122: [INFO] Endpoint: getUpdates, response: {"ok":true,"result":[{"update_id":465633441,
"message":{"message_id":19,"from":{"id":5568996608,"is_bot":false,"first_name":"\u841d\u8389\u8d5b\u9ad8 | Roam","username":"TheSw1m","language_code":"zh-hans","is_premium":true},"chat":{"id":-1002479692773,"title":"qwq","type":"supergroup"},"date":1745210505,"text":"/changecd static 1h","entities":[{"offset":0,"length":9,"type":"bot_command"}]}}]}

2025/04/21 12:41:41 bot.go:96: [INFO] Endpoint: getUpdates, params: map[allowed_updates:null offset:465633442 timeout:60]

2025/04/21 12:41:41 custom.go:220: [INFO] 用户萝莉赛高 | Roam执行了changecd操作
2025/04/21 12:41:41 bot.go:96: [INFO] Endpoint: getChatMember, params: map[chat_id:-1002479692773 user_id:5568996608]

2025/04/21 12:41:41 bot.go:122: [INFO] Endpoint: getChatMember, response: {"ok":true,"result":{"user":{"id":5568996608,"is_bot":false,"first_name":"\u841d\u8389\u8d5b\u9ad8 | Roam","username":"TheSw1m","language_code":"zh-hans","is_premium":true},"status":"creator","is_anonymous":false}}

2025/04/21 12:41:41 bot.go:96: [INFO] Endpoint: sendMessage, params: map[chat_id:-1002479692773 entities:null text:时间选项有误，请重新输入]

2025/04/21 12:41:41 bot.go:122: [INFO] Endpoint: sendMessage, response: {"ok":true,"result":{"message_id":20,"from":{"id":7321634203,"is_bot":true,"first_name":"testbot","username":"theswimtestbot"},"chat":{"id":-1002479692773,"title":"qwq","type":"supergroup"},"date":1745210506,"text":"\u65f6\u95f4\u9009\u9879\u6709\u8bef\uff0c\u8bf7\u91cd\u65b0\u8f93\u5165"}}

2025/04/21 12:41:41 custom.go:224: [INFO] Plugin Error错误的时间选项
2025/04/21 12:42:12 bot.go:98: [INFO] Using proxy: http://127.0.0.1:7890
2025/04/21 12:42:12 bot.go:96: [INFO] Endpoint: getUpdates, params: map[allowed_updates:null timeout:60]

2025/04/21 12:42:19 bot.go:122: [INFO] Endpoint: getUpdates, response: {"ok":true,"result":[{"update_id":465633442,
"message":{"message_id":21,"from":{"id":5568996608,"is_bot":false,"first_name":"\u841d\u8389\u8d5b\u9ad8 | Roam","username":"TheSw1m","language_code":"zh-hans","is_premium":true},"chat":{"id":-1002479692773,"title":"qwq","type":"supergroup"},"date":1745210544,"text":"/changecd static 10d","entities":[{"offset":0,"length":9,"type":"bot_command"}]}}]}

2025/04/21 12:42:19 bot.go:96: [INFO] Endpoint: getUpdates, params: map[allowed_updates:null offset:465633443 timeout:60]

2025/04/21 12:42:19 custom.go:220: [INFO] 用户萝莉赛高 | Roam执行了changecd操作
2025/04/21 12:42:19 bot.go:96: [INFO] Endpoint: getChatMember, params: map[chat_id:-1002479692773 user_id:5568996608]

2025/04/21 12:42:20 bot.go:122: [INFO] Endpoint: getChatMember, response: {"ok":true,"result":{"user":{"id":5568996608,"is_bot":false,"first_name":"\u841d\u8389\u8d5b\u9ad8 | Roam","username":"TheSw1m","language_code":"zh-hans","is_premium":true},"status":"creator","is_anonymous":false}}

2025/04/21 12:42:23 bot.go:122: [INFO] Endpoint: getUpdates, response: {"ok":true,"result":[{"update_id":465633443,
"message":{"message_id":22,"from":{"id":5568996608,"is_bot":false,"first_name":"\u841d\u8389\u8d5b\u9ad8 | Roam","username":"TheSw1m","language_code":"zh-hans","is_premium":true},"chat":{"id":-1002479692773,"title":"qwq","type":"supergroup"},"date":1745210548,"text":"/test","entities":[{"offset":0,"length":5,"type":"bot_command"}]}}]}

2025/04/21 12:42:23 bot.go:96: [INFO] Endpoint: getUpdates, params: map[allowed_updates:null offset:465633444 timeout:60]

2025/04/21 12:42:23 custom.go:220: [INFO] 用户萝莉赛高 | Roam执行了test操作
2025/04/21 12:42:23 bot.go:96: [INFO] Endpoint: sendMessage, params: map[chat_id:-1002479692773 entities:null text:当前cd 864000]

2025/04/21 12:42:24 bot.go:122: [INFO] Endpoint: sendMessage, response: {"ok":true,"result":{"message_id":23,"from":{"id":7321634203,"is_bot":true,"first_name":"testbot","username":"theswimtestbot"},"chat":{"id":-1002479692773,"title":"qwq","type":"supergroup"},"date":1745210549,"text":"\u5f53\u524dcd 864000"}}

2025/04/21 12:43:14 bot.go:122: [INFO] Endpoint: getUpdates, response: {"ok":true,"result":[]}

2025/04/21 12:43:14 bot.go:96: [INFO] Endpoint: getUpdates, params: map[allowed_updates:null offset:465633444 timeout:60]

2025/04/21 12:44:04 bot.go:122: [INFO] Endpoint: getUpdates, response: {"ok":true,"result":[]}

2025/04/21 12:44:04 bot.go:96: [INFO] Endpoint: getUpdates, params: map[allowed_updates:null offset:465633444 timeout:60]

2025/04/21 12:44:54 bot.go:122: [INFO] Endpoint: getUpdates, response: {"ok":true,"result":[]}

2025/04/21 12:44:54 bot.go:96: [INFO] Endpoint: getUpdates, params: map[allowed_updates:null offset:465633444 timeout:60]

2025/04/21 12:45:44 bot.go:122: [INFO] Endpoint: getUpdates, response: {"ok":true,"result":[]}

2025/04/21 12:45:44 bot.go:96: [INFO] Endpoint: getUpdates, params: map[allowed_updates:null offset:465633444 timeout:60]

2025/04/21 15:46:00 bot.go:98: [INFO] Using proxy: http://127.0.0.1:7890
2025/04/21 15:46:00 bot.go:96: [INFO] Endpoint: getUpdates, params: map[allowed_updates:null timeout:60]

2025/04/21 15:46:11 bot.go:122: [INFO] Endpoint: getUpdates, response: {"ok":true,"result":[{"update_id":465633444,
"message":{"message_id":24,"from":{"id":5568996608,"is_bot":false,"first_name":"\u841d\u8389\u8d5b\u9ad8 | Roam","username":"TheSw1m","language_code":"zh-hans","is_premium":true},"chat":{"id":-1002479692773,"title":"qwq","type":"supergroup"},"date":1745221576,"forward_origin":{"type":"user","sender_user":{"id":5568996608,"is_bot":false,"first_name":"\u841d\u8389\u8d5b\u9ad8 | Roam","username":"TheSw1m","language_code":"zh-hans","is_premium":true},"date":1745210544},"forward_from":{"id":5568996608,"is_bot":false,"first_name":"\u841d\u8389\u8d5b\u9ad8 | Roam","username":"TheSw1m","language_code":"zh-hans","is_premium":true},"forward_date":1745210544,"text":"/changecd static 10d","entities":[{"offset":0,"length":9,"type":"bot_command"}]}}]}

2025/04/21 15:46:11 bot.go:96: [INFO] Endpoint: getUpdates, params: map[allowed_updates:null offset:465633445 timeout:60]

2025/04/21 15:46:11 custom.go:220: [INFO] 用户萝莉赛高 | Roam执行了changecd操作
2025/04/21 15:46:11 bot.go:96: [INFO] Endpoint: getChatMember, params: map[chat_id:-1002479692773 user_id:5568996608]

2025/04/21 15:46:12 bot.go:122: [INFO] Endpoint: getChatMember, response: {"ok":true,"result":{"user":{"id":5568996608,"is_bot":false,"first_name":"\u841d\u8389\u8d5b\u9ad8 | Roam","username":"TheSw1m","language_code":"zh-hans","is_premium":true},"status":"creator","is_anonymous":false}}

2025/04/21 15:46:19 bot.go:122: [INFO] Endpoint: getUpdates, response: {"ok":true,"result":[{"update_id":465633445,
"message":{"message_id":1973,"from":{"id":5568996608,"is_bot":false,"first_name":"\u841d\u8389\u8d5b\u9ad8 | Roam","username":"TheSw1m","language_code":"zh-hans","is_premium":true},"chat":{"id":-1001536556159,"title":"test for info","type":"supergroup"},"date":1745221583,"text":"/test","entities":[{"offset":0,"length":5,"type":"bot_command"}]}}]}

2025/04/21 15:46:19 bot.go:96: [INFO] Endpoint: getUpdates, params: map[allowed_updates:null offset:465633446 timeout:60]

2025/04/21 15:46:19 custom.go:220: [INFO] 用户萝莉赛高 | Roam执行了test操作
2025/04/21 15:46:19 bot.go:96: [INFO] Endpoint: sendMessage, params: map[chat_id:-1001536556159 entities:null text:当前cd 0]

2025/04/21 15:46:19 bot.go:122: [INFO] Endpoint: sendMessage, response: {"ok":true,"result":{"message_id":1974,"from":{"id":7321634203,"is_bot":true,"first_name":"testbot","username":"theswimtestbot"},"chat":{"id":-1001536556159,"title":"test for info","type":"supergroup"},"date":1745221584,"text":"\u5f53\u524dcd 0"}}

2025/04/21 15:46:25 bot.go:122: [INFO] Endpoint: getUpdates, response: {"ok":true,"result":[{"update_id":465633446,
"message":{"message_id":1975,"from":{"id":5568996608,"is_bot":false,"first_name":"\u841d\u8389\u8d5b\u9ad8 | Roam","username":"TheSw1m","language_code":"zh-hans","is_premium":true},"chat":{"id":-1001536556159,"title":"test for info","type":"supergroup"},"date":1745221590,"text":"/changcd 10s","entities":[{"offset":0,"length":8,"type":"bot_command"}]}}]}

2025/04/21 15:46:25 bot.go:96: [INFO] Endpoint: getUpdates, params: map[allowed_updates:null offset:465633447 timeout:60]

2025/04/21 15:46:30 bot.go:122: [INFO] Endpoint: getUpdates, response: {"ok":true,"result":[{"update_id":465633447,
"message":{"message_id":1976,"from":{"id":5568996608,"is_bot":false,"first_name":"\u841d\u8389\u8d5b\u9ad8 | Roam","username":"TheSw1m","language_code":"zh-hans","is_premium":true},"chat":{"id":-1001536556159,"title":"test for info","type":"supergroup"},"date":1745221595,"text":"/test","entities":[{"offset":0,"length":5,"type":"bot_command"}]}}]}

2025/04/21 15:46:30 bot.go:96: [INFO] Endpoint: getUpdates, params: map[allowed_updates:null offset:465633448 timeout:60]

2025/04/21 15:46:30 custom.go:220: [INFO] 用户萝莉赛高 | Roam执行了test操作
2025/04/21 15:46:30 bot.go:96: [INFO] Endpoint: sendMessage, params: map[chat_id:-1001536556159 entities:null text:当前cd 0]

2025/04/21 15:46:31 bot.go:122: [INFO] Endpoint: sendMessage, response: {"ok":true,"result":{"message_id":1977,"from":{"id":7321634203,"is_bot":true,"first_name":"testbot","username":"theswimtestbot"},"chat":{"id":-1001536556159,"title":"test for info","type":"supergroup"},"date":1745221595,"text":"\u5f53\u524dcd 0"}}

2025/04/21 15:47:20 bot.go:122: [INFO] Endpoint: getUpdates, response: {"ok":true,"result":[]}

2025/04/21 15:47:20 bot.go:96: [INFO] Endpoint: getUpdates, params: map[allowed_updates:null offset:465633448 timeout:60]

2025/04/21 15:47:43 bot.go:122: [INFO] Endpoint: getUpdates, response: {"ok":true,"result":[{"update_id":465633448,
"message":{"message_id":1978,"from":{"id":5568996608,"is_bot":false,"first_name":"\u841d\u8389\u8d5b\u9ad8 | Roam","username":"TheSw1m","language_code":"zh-hans","is_premium":true},"chat":{"id":-1001536556159,"title":"test for info","type":"supergroup"},"date":1745221667,"text":"/changcd static 10s","entities":[{"offset":0,"length":8,"type":"bot_command"}]}}]}

2025/04/21 15:47:43 bot.go:96: [INFO] Endpoint: getUpdates, params: map[allowed_updates:null offset:465633449 timeout:60]

2025/04/21 15:47:45 bot.go:122: [INFO] Endpoint: getUpdates, response: {"ok":true,"result":[{"update_id":465633449,
"message":{"message_id":1979,"from":{"id":5568996608,"is_bot":false,"first_name":"\u841d\u8389\u8d5b\u9ad8 | Roam","username":"TheSw1m","language_code":"zh-hans","is_premium":true},"chat":{"id":-1001536556159,"title":"test for info","type":"supergroup"},"date":1745221670,"text":"/test","entities":[{"offset":0,"length":5,"type":"bot_command"}]}}]}

2025/04/21 15:47:45 bot.go:96: [INFO] Endpoint: getUpdates, params: map[allowed_updates:null offset:465633450 timeout:60]

2025/04/21 15:47:45 custom.go:220: [INFO] 用户萝莉赛高 | Roam执行了test操作
2025/04/21 15:47:45 bot.go:96: [INFO] Endpoint: sendMessage, params: map[chat_id:-1001536556159 entities:null text:当前cd 0]

2025/04/21 15:47:46 bot.go:122: [INFO] Endpoint: sendMessage, response: {"ok":true,"result":{"message_id":1980,"from":{"id":7321634203,"is_bot":true,"first_name":"testbot","username":"theswimtestbot"},"chat":{"id":-1001536556159,"title":"test for info","type":"supergroup"},"date":1745221670,"text":"\u5f53\u524dcd 0"}}

2025/04/21 15:48:00 bot.go:122: [INFO] Endpoint: getUpdates, response: {"ok":true,"result":[{"update_id":465633450,
"message":{"message_id":1981,"from":{"id":5568996608,"is_bot":false,"first_name":"\u841d\u8389\u8d5b\u9ad8 | Roam","username":"TheSw1m","language_code":"zh-hans","is_premium":true},"chat":{"id":-1001536556159,"title":"test for info","type":"supergroup"},"date":1745221684,"text":"/changcd static 1f","entities":[{"offset":0,"length":8,"type":"bot_command"}]}}]}

2025/04/21 15:48:00 bot.go:96: [INFO] Endpoint: getUpdates, params: map[allowed_updates:null offset:465633451 timeout:60]

2025/04/21 15:48:03 bot.go:122: [INFO] Endpoint: getUpdates, response: {"ok":true,"result":[{"update_id":465633451,
"message":{"message_id":1982,"from":{"id":5568996608,"is_bot":false,"first_name":"\u841d\u8389\u8d5b\u9ad8 | Roam","username":"TheSw1m","language_code":"zh-hans","is_premium":true},"chat":{"id":-1001536556159,"title":"test for info","type":"supergroup"},"date":1745221688,"text":"/changcd static 1d","entities":[{"offset":0,"length":8,"type":"bot_command"}]}}]}

2025/04/21 15:48:03 bot.go:96: [INFO] Endpoint: getUpdates, params: map[allowed_updates:null offset:465633452 timeout:60]

2025/04/21 15:48:05 bot.go:122: [INFO] Endpoint: getUpdates, response: {"ok":true,"result":[{"update_id":465633452,
"message":{"message_id":1983,"from":{"id":5568996608,"is_bot":false,"first_name":"\u841d\u8389\u8d5b\u9ad8 | Roam","username":"TheSw1m","language_code":"zh-hans","is_premium":true},"chat":{"id":-1001536556159,"title":"test for info","type":"supergroup"},"date":1745221690,"text":"/test","entities":[{"offset":0,"length":5,"type":"bot_command"}]}}]}

2025/04/21 15:48:05 bot.go:96: [INFO] Endpoint: getUpdates, params: map[allowed_updates:null offset:465633453 timeout:60]

2025/04/21 15:48:05 custom.go:220: [INFO] 用户萝莉赛高 | Roam执行了test操作
2025/04/21 15:48:05 bot.go:96: [INFO] Endpoint: sendMessage, params: map[chat_id:-1001536556159 entities:null text:当前cd 0]

2025/04/21 15:48:06 bot.go:122: [INFO] Endpoint: sendMessage, response: {"ok":true,"result":{"message_id":1984,"from":{"id":7321634203,"is_bot":true,"first_name":"testbot","username":"theswimtestbot"},"chat":{"id":-1001536556159,"title":"test for info","type":"supergroup"},"date":1745221690,"text":"\u5f53\u524dcd 0"}}

2025/04/21 15:48:17 bot.go:122: [INFO] Endpoint: getUpdates, response: {"ok":true,"result":[{"update_id":465633453,
"message":{"message_id":25,"from":{"id":5568996608,"is_bot":false,"first_name":"\u841d\u8389\u8d5b\u9ad8 | Roam","username":"TheSw1m","language_code":"zh-hans","is_premium":true},"chat":{"id":-1002479692773,"title":"qwq","type":"supergroup"},"date":1745221701,"text":"/test","entities":[{"offset":0,"length":5,"type":"bot_command"}]}}]}

2025/04/21 15:48:17 bot.go:96: [INFO] Endpoint: getUpdates, params: map[allowed_updates:null offset:465633454 timeout:60]

2025/04/21 15:48:17 custom.go:220: [INFO] 用户萝莉赛高 | Roam执行了test操作
2025/04/21 15:48:17 bot.go:96: [INFO] Endpoint: sendMessage, params: map[chat_id:-1002479692773 entities:null text:当前cd 864000]

2025/04/21 15:48:17 bot.go:122: [INFO] Endpoint: sendMessage, response: {"ok":true,"result":{"message_id":26,"from":{"id":7321634203,"is_bot":true,"first_name":"testbot","username":"theswimtestbot"},"chat":{"id":-1002479692773,"title":"qwq","type":"supergroup"},"date":1745221702,"text":"\u5f53\u524dcd 864000"}}

2025/04/21 15:48:28 bot.go:122: [INFO] Endpoint: getUpdates, response: {"ok":true,"result":[{"update_id":465633454,
"message":{"message_id":1985,"from":{"id":5568996608,"is_bot":false,"first_name":"\u841d\u8389\u8d5b\u9ad8 | Roam","username":"TheSw1m","language_code":"zh-hans","is_premium":true},"chat":{"id":-1001536556159,"title":"test for info","type":"supergroup"},"date":1745221712,"text":"/changecd 10s","entities":[{"offset":0,"length":9,"type":"bot_command"}]}}]}

2025/04/21 15:48:28 bot.go:96: [INFO] Endpoint: getUpdates, params: map[allowed_updates:null offset:465633455 timeout:60]

2025/04/21 15:48:28 custom.go:220: [INFO] 用户萝莉赛高 | Roam执行了changecd操作
2025/04/21 15:48:28 bot.go:96: [INFO] Endpoint: getChatMember, params: map[chat_id:-1001536556159 user_id:5568996608]

2025/04/21 15:48:28 bot.go:122: [INFO] Endpoint: getChatMember, response: {"ok":true,"result":{"user":{"id":5568996608,"is_bot":false,"first_name":"\u841d\u8389\u8d5b\u9ad8 | Roam","username":"TheSw1m","language_code":"zh-hans","is_premium":true},"status":"creator","is_anonymous":false}}

2025/04/21 15:48:28 bot.go:96: [INFO] Endpoint: sendMessage, params: map[chat_id:-1001536556159 entities:null text:参数数量有误，请重新输入]

2025/04/21 15:48:29 bot.go:122: [INFO] Endpoint: sendMessage, response: {"ok":true,"result":{"message_id":1987,"from":{"id":7321634203,"is_bot":true,"first_name":"testbot","username":"theswimtestbot"},"chat":{"id":-1001536556159,"title":"test for info","type":"supergroup"},"date":1745221713,"text":"\u53c2\u6570\u6570\u91cf\u6709\u8bef\uff0c\u8bf7\u91cd\u65b0\u8f93\u5165"}}

2025/04/21 15:48:29 bot.go:96: [INFO] Endpoint: sendMessage, params: map[chat_id:5568996608 entities:null text:错误的时间格式]

2025/04/21 15:48:29 bot.go:122: [INFO] Endpoint: sendMessage, response: {"ok":true,"result":{"message_id":491,"from":{"id":7321634203,"is_bot":true,"first_name":"testbot","username":"theswimtestbot"},"chat":{"id":5568996608,"first_name":"\u841d\u8389\u8d5b\u9ad8 | Roam","username":"TheSw1m","type":"private"},"date":1745221714,"text":"\u9519\u8bef\u7684\u65f6\u95f4\u683c\u5f0f"}}

2025/04/21 15:48:29 custom.go:224: [INFO] Plugin Errortime: invalid duration ""
2025/04/21 15:50:46 bot.go:98: [INFO] Using proxy: http://127.0.0.1:7890
2025/04/21 15:50:46 bot.go:96: [INFO] Endpoint: getUpdates, params: map[allowed_updates:null timeout:60]

2025/04/21 15:51:00 bot.go:122: [INFO] Endpoint: getUpdates, response: {"ok":true,"result":[{"update_id":465633455,
"message":{"message_id":27,"from":{"id":5568996608,"is_bot":false,"first_name":"\u841d\u8389\u8d5b\u9ad8 | Roam","username":"TheSw1m","language_code":"zh-hans","is_premium":true},"chat":{"id":-1002479692773,"title":"qwq","type":"supergroup"},"date":1745221864,"text":"/changecd static 1d","entities":[{"offset":0,"length":9,"type":"bot_command"}]}}]}

2025/04/21 15:51:00 bot.go:96: [INFO] Endpoint: getUpdates, params: map[allowed_updates:null offset:465633456 timeout:60]

2025/04/21 15:51:00 custom.go:220: [INFO] 用户萝莉赛高 | Roam执行了changecd操作
2025/04/21 15:51:00 bot.go:96: [INFO] Endpoint: getChatMember, params: map[chat_id:-1002479692773 user_id:5568996608]

2025/04/21 15:51:01 bot.go:122: [INFO] Endpoint: getChatMember, response: {"ok":true,"result":{"user":{"id":5568996608,"is_bot":false,"first_name":"\u841d\u8389\u8d5b\u9ad8 | Roam","username":"TheSw1m","language_code":"zh-hans","is_premium":true},"status":"creator","is_anonymous":false}}

2025/04/21 15:51:02 bot.go:122: [INFO] Endpoint: getUpdates, response: {"ok":true,"result":[{"update_id":465633456,
"message":{"message_id":28,"from":{"id":5568996608,"is_bot":false,"first_name":"\u841d\u8389\u8d5b\u9ad8 | Roam","username":"TheSw1m","language_code":"zh-hans","is_premium":true},"chat":{"id":-1002479692773,"title":"qwq","type":"supergroup"},"date":1745221866,"text":"/test","entities":[{"offset":0,"length":5,"type":"bot_command"}]}}]}

2025/04/21 15:51:02 bot.go:96: [INFO] Endpoint: getUpdates, params: map[allowed_updates:null offset:465633457 timeout:60]

2025/04/21 15:51:02 custom.go:220: [INFO] 用户萝莉赛高 | Roam执行了test操作
2025/04/21 15:51:02 bot.go:96: [INFO] Endpoint: sendMessage, params: map[chat_id:-1002479692773 entities:null text:当前cd 86400]

2025/04/21 15:51:02 bot.go:122: [INFO] Endpoint: sendMessage, response: {"ok":true,"result":{"message_id":29,"from":{"id":7321634203,"is_bot":true,"first_name":"testbot","username":"theswimtestbot"},"chat":{"id":-1002479692773,"title":"qwq","type":"supergroup"},"date":1745221867,"text":"\u5f53\u524dcd 86400"}}

2025/04/21 15:51:07 bot.go:122: [INFO] Endpoint: getUpdates, response: {"ok":true,"result":[{"update_id":465633457,
"message":{"message_id":1988,"from":{"id":5568996608,"is_bot":false,"first_name":"\u841d\u8389\u8d5b\u9ad8 | Roam","username":"TheSw1m","language_code":"zh-hans","is_premium":true},"chat":{"id":-1001536556159,"title":"test for info","type":"supergroup"},"date":1745221871,"text":"/test","entities":[{"offset":0,"length":5,"type":"bot_command"}]}}]}

2025/04/21 15:51:07 custom.go:220: [INFO] 用户萝莉赛高 | Roam执行了test操作
2025/04/21 15:51:07 bot.go:96: [INFO] Endpoint: sendMessage, params: map[chat_id:-1001536556159 entities:null text:当前cd 0]

2025/04/21 15:51:07 bot.go:96: [INFO] Endpoint: getUpdates, params: map[allowed_updates:null offset:465633458 timeout:60]

2025/04/21 15:51:08 bot.go:122: [INFO] Endpoint: sendMessage, response: {"ok":true,"result":{"message_id":1989,"from":{"id":7321634203,"is_bot":true,"first_name":"testbot","username":"theswimtestbot"},"chat":{"id":-1001536556159,"title":"test for info","type":"supergroup"},"date":1745221872,"text":"\u5f53\u524dcd 0"}}

2025/04/21 15:51:16 bot.go:122: [INFO] Endpoint: getUpdates, response: {"ok":true,"result":[{"update_id":465633458,
"message":{"message_id":1990,"from":{"id":5568996608,"is_bot":false,"first_name":"\u841d\u8389\u8d5b\u9ad8 | Roam","username":"TheSw1m","language_code":"zh-hans","is_premium":true},"chat":{"id":-1001536556159,"title":"test for info","type":"supergroup"},"date":1745221881,"text":"/changecd static 2d","entities":[{"offset":0,"length":9,"type":"bot_command"}]}}]}

2025/04/21 15:51:16 bot.go:96: [INFO] Endpoint: getUpdates, params: map[allowed_updates:null offset:465633459 timeout:60]

2025/04/21 15:51:16 custom.go:220: [INFO] 用户萝莉赛高 | Roam执行了changecd操作
2025/04/21 15:51:16 bot.go:96: [INFO] Endpoint: getChatMember, params: map[chat_id:-1001536556159 user_id:5568996608]

2025/04/21 15:51:17 bot.go:122: [INFO] Endpoint: getChatMember, response: {"ok":true,"result":{"user":{"id":5568996608,"is_bot":false,"first_name":"\u841d\u8389\u8d5b\u9ad8 | Roam","username":"TheSw1m","language_code":"zh-hans","is_premium":true},"status":"creator","is_anonymous":false}}

2025/04/21 15:51:22 bot.go:122: [INFO] Endpoint: getUpdates, response: {"ok":true,"result":[{"update_id":465633459,
"message":{"message_id":1992,"from":{"id":5568996608,"is_bot":false,"first_name":"\u841d\u8389\u8d5b\u9ad8 | Roam","username":"TheSw1m","language_code":"zh-hans","is_premium":true},"chat":{"id":-1001536556159,"title":"test for info","type":"supergroup"},"date":1745221886,"text":"/teat","entities":[{"offset":0,"length":5,"type":"bot_command"}]}}]}

2025/04/21 15:51:22 bot.go:96: [INFO] Endpoint: getUpdates, params: map[allowed_updates:null offset:465633460 timeout:60]

2025/04/21 15:51:24 bot.go:122: [INFO] Endpoint: getUpdates, response: {"ok":true,"result":[{"update_id":465633460,
"message":{"message_id":1993,"from":{"id":5568996608,"is_bot":false,"first_name":"\u841d\u8389\u8d5b\u9ad8 | Roam","username":"TheSw1m","language_code":"zh-hans","is_premium":true},"chat":{"id":-1001536556159,"title":"test for info","type":"supergroup"},"date":1745221889,"text":"/test","entities":[{"offset":0,"length":5,"type":"bot_command"}]}}]}

2025/04/21 15:51:24 bot.go:96: [INFO] Endpoint: getUpdates, params: map[allowed_updates:null offset:465633461 timeout:60]

2025/04/21 15:51:24 custom.go:220: [INFO] 用户萝莉赛高 | Roam执行了test操作
2025/04/21 15:51:24 bot.go:96: [INFO] Endpoint: sendMessage, params: map[chat_id:-1001536556159 entities:null text:当前cd 172800]

2025/04/21 15:51:25 bot.go:122: [INFO] Endpoint: sendMessage, response: {"ok":true,"result":{"message_id":1994,"from":{"id":7321634203,"is_bot":true,"first_name":"testbot","username":"theswimtestbot"},"chat":{"id":-1001536556159,"title":"test for info","type":"supergroup"},"date":1745221889,"text":"\u5f53\u524dcd 172800"}}

2025/04/21 15:57:35 bot.go:98: [INFO] Using proxy: http://127.0.0.1:7890
2025/04/21 15:57:35 bot.go:96: [INFO] Endpoint: getUpdates, params: map[allowed_updates:null timeout:60]

2025/04/21 15:57:45 bot.go:122: [INFO] Endpoint: getUpdates, response: {"ok":true,"result":[{"update_id":465633461,
"message":{"message_id":30,"from":{"id":5568996608,"is_bot":false,"first_name":"\u841d\u8389\u8d5b\u9ad8 | Roam","username":"TheSw1m","language_code":"zh-hans","is_premium":true},"chat":{"id":-1002479692773,"title":"qwq","type":"supergroup"},"date":1745222269,"text":"/changcd","entities":[{"offset":0,"length":8,"type":"bot_command"}]}}]}

2025/04/21 15:57:45 bot.go:96: [INFO] Endpoint: getUpdates, params: map[allowed_updates:null offset:465633462 timeout:60]

2025/04/21 15:57:53 bot.go:122: [INFO] Endpoint: getUpdates, response: {"ok":true,"result":[{"update_id":465633462,
"message":{"message_id":31,"from":{"id":5568996608,"is_bot":false,"first_name":"\u841d\u8389\u8d5b\u9ad8 | Roam","username":"TheSw1m","language_code":"zh-hans","is_premium":true},"chat":{"id":-1002479692773,"title":"qwq","type":"supergroup"},"date":1745222278,"text":"/changcd static","entities":[{"offset":0,"length":8,"type":"bot_command"}]}}]}

2025/04/21 15:57:53 bot.go:96: [INFO] Endpoint: getUpdates, params: map[allowed_updates:null offset:465633463 timeout:60]

2025/04/21 15:58:01 bot.go:122: [INFO] Endpoint: getUpdates, response: {"ok":true,"result":[{"update_id":465633463,
"message":{"message_id":32,"from":{"id":5568996608,"is_bot":false,"first_name":"\u841d\u8389\u8d5b\u9ad8 | Roam","username":"TheSw1m","language_code":"zh-hans","is_premium":true},"chat":{"id":-1002479692773,"title":"qwq","type":"supergroup"},"date":1745222285,"text":"/changcd static 2d","entities":[{"offset":0,"length":8,"type":"bot_command"}]}}]}

2025/04/21 15:58:01 bot.go:96: [INFO] Endpoint: getUpdates, params: map[allowed_updates:null offset:465633464 timeout:60]

2025/04/21 15:58:03 bot.go:122: [INFO] Endpoint: getUpdates, response: {"ok":true,"result":[{"update_id":465633464,
"message":{"message_id":33,"from":{"id":5568996608,"is_bot":false,"first_name":"\u841d\u8389\u8d5b\u9ad8 | Roam","username":"TheSw1m","language_code":"zh-hans","is_premium":true},"chat":{"id":-1002479692773,"title":"qwq","type":"supergroup"},"date":1745222287,"text":"/teay","entities":[{"offset":0,"length":5,"type":"bot_command"}]}}]}

2025/04/21 15:58:03 bot.go:96: [INFO] Endpoint: getUpdates, params: map[allowed_updates:null offset:465633465 timeout:60]

2025/04/21 15:58:05 bot.go:122: [INFO] Endpoint: getUpdates, response: {"ok":true,"result":[{"update_id":465633465,
"message":{"message_id":34,"from":{"id":5568996608,"is_bot":false,"first_name":"\u841d\u8389\u8d5b\u9ad8 | Roam","username":"TheSw1m","language_code":"zh-hans","is_premium":true},"chat":{"id":-1002479692773,"title":"qwq","type":"supergroup"},"date":1745222289,"text":"/test","entities":[{"offset":0,"length":5,"type":"bot_command"}]}}]}

2025/04/21 15:58:05 bot.go:96: [INFO] Endpoint: getUpdates, params: map[allowed_updates:null offset:465633466 timeout:60]

2025/04/21 15:58:05 custom.go:220: [INFO] 用户萝莉赛高 | Roam执行了test操作
2025/04/21 15:58:05 bot.go:96: [INFO] Endpoint: sendMessage, params: map[chat_id:-1002479692773 entities:null text:当前cd 0]

2025/04/21 15:58:05 bot.go:122: [INFO] Endpoint: sendMessage, response: {"ok":true,"result":{"message_id":35,"from":{"id":7321634203,"is_bot":true,"first_name":"testbot","username":"theswimtestbot"},"chat":{"id":-1002479692773,"title":"qwq","type":"supergroup"},"date":1745222290,"text":"\u5f53\u524dcd 0"}}

2025/04/21 15:58:55 bot.go:122: [INFO] Endpoint: getUpdates, response: {"ok":true,"result":[]}

2025/04/21 15:58:55 bot.go:96: [INFO] Endpoint: getUpdates, params: map[allowed_updates:null offset:465633466 timeout:60]

2025/04/21 15:59:45 bot.go:122: [INFO] Endpoint: getUpdates, response: {"ok":true,"result":[]}

2025/04/21 15:59:45 bot.go:96: [INFO] Endpoint: getUpdates, params: map[allowed_updates:null offset:465633466 timeout:60]

2025/04/21 15:59:52 bot.go:98: [INFO] Using proxy: http://127.0.0.1:7890
2025/04/21 15:59:52 bot.go:96: [INFO] Endpoint: getUpdates, params: map[allowed_updates:null timeout:60]

2025/04/21 16:00:03 bot.go:122: [INFO] Endpoint: getUpdates, response: {"ok":true,"result":[{"update_id":465633466,
"message":{"message_id":36,"from":{"id":5568996608,"is_bot":false,"first_name":"\u841d\u8389\u8d5b\u9ad8 | Roam","username":"TheSw1m","language_code":"zh-hans","is_premium":true},"chat":{"id":-1002479692773,"title":"qwq","type":"supergroup"},"date":1745222408,"text":"/changecd","entities":[{"offset":0,"length":9,"type":"bot_command"}]}}]}

2025/04/21 16:00:03 bot.go:96: [INFO] Endpoint: getUpdates, params: map[allowed_updates:null offset:465633467 timeout:60]

2025/04/21 16:00:03 custom.go:220: [INFO] 用户萝莉赛高 | Roam执行了changecd操作
2025/04/21 16:00:03 bot.go:96: [INFO] Endpoint: getChatMember, params: map[chat_id:-1002479692773 user_id:5568996608]

2025/04/21 16:00:04 bot.go:122: [INFO] Endpoint: getChatMember, response: {"ok":true,"result":{"user":{"id":5568996608,"is_bot":false,"first_name":"\u841d\u8389\u8d5b\u9ad8 | Roam","username":"TheSw1m","language_code":"zh-hans","is_premium":true},"status":"creator","is_anonymous":false}}

2025/04/21 16:00:04 bot.go:96: [INFO] Endpoint: sendMessage, params: map[chat_id:-1002479692773 entities:null text:参数数量有误，请重新输入]

2025/04/21 16:00:05 bot.go:122: [INFO] Endpoint: sendMessage, response: {"ok":true,"result":{"message_id":37,"from":{"id":7321634203,"is_bot":true,"first_name":"testbot","username":"theswimtestbot"},"chat":{"id":-1002479692773,"title":"qwq","type":"supergroup"},"date":1745222409,"text":"\u53c2\u6570\u6570\u91cf\u6709\u8bef\uff0c\u8bf7\u91cd\u65b0\u8f93\u5165"}}

2025/04/21 16:00:05 bot.go:96: [INFO] Endpoint: sendMessage, params: map[chat_id:-1002479692773 entities:null text:错误的时间格式]

2025/04/21 16:00:05 bot.go:122: [INFO] Endpoint: sendMessage, response: {"ok":true,"result":{"message_id":38,"from":{"id":7321634203,"is_bot":true,"first_name":"testbot","username":"theswimtestbot"},"chat":{"id":-1002479692773,"title":"qwq","type":"supergroup"},"date":1745222410,"text":"\u9519\u8bef\u7684\u65f6\u95f4\u683c\u5f0f"}}

2025/04/21 16:00:05 custom.go:224: [INFO] Plugin Errortime: invalid duration ""
2025/04/21 16:00:22 bot.go:122: [INFO] Endpoint: getUpdates, response: {"ok":true,"result":[{"update_id":465633467,
"message":{"message_id":39,"from":{"id":5568996608,"is_bot":false,"first_name":"\u841d\u8389\u8d5b\u9ad8 | Roam","username":"TheSw1m","language_code":"zh-hans","is_premium":true},"chat":{"id":-1002479692773,"title":"qwq","type":"supergroup"},"date":1745222426,"text":"/changecd static","entities":[{"offset":0,"length":9,"type":"bot_command"}]}}]}

2025/04/21 16:00:22 bot.go:96: [INFO] Endpoint: getUpdates, params: map[allowed_updates:null offset:465633468 timeout:60]

2025/04/21 16:00:22 custom.go:220: [INFO] 用户萝莉赛高 | Roam执行了changecd操作
2025/04/21 16:00:22 bot.go:96: [INFO] Endpoint: getChatMember, params: map[chat_id:-1002479692773 user_id:5568996608]

2025/04/21 16:00:22 bot.go:122: [INFO] Endpoint: getChatMember, response: {"ok":true,"result":{"user":{"id":5568996608,"is_bot":false,"first_name":"\u841d\u8389\u8d5b\u9ad8 | Roam","username":"TheSw1m","language_code":"zh-hans","is_premium":true},"status":"creator","is_anonymous":false}}

2025/04/21 16:00:22 bot.go:96: [INFO] Endpoint: sendMessage, params: map[chat_id:-1002479692773 entities:null text:参数数量有误，请重新输入]

2025/04/21 16:00:23 bot.go:122: [INFO] Endpoint: sendMessage, response: {"ok":true,"result":{"message_id":40,"from":{"id":7321634203,"is_bot":true,"first_name":"testbot","username":"theswimtestbot"},"chat":{"id":-1002479692773,"title":"qwq","type":"supergroup"},"date":1745222427,"text":"\u53c2\u6570\u6570\u91cf\u6709\u8bef\uff0c\u8bf7\u91cd\u65b0\u8f93\u5165"}}

2025/04/21 16:00:23 bot.go:96: [INFO] Endpoint: sendMessage, params: map[chat_id:-1002479692773 entities:null text:错误的时间格式]

2025/04/21 16:00:23 bot.go:122: [INFO] Endpoint: sendMessage, response: {"ok":true,"result":{"message_id":41,"from":{"id":7321634203,"is_bot":true,"first_name":"testbot","username":"theswimtestbot"},"chat":{"id":-1002479692773,"title":"qwq","type":"supergroup"},"date":1745222427,"text":"\u9519\u8bef\u7684\u65f6\u95f4\u683c\u5f0f"}}

2025/04/21 16:00:23 custom.go:224: [INFO] Plugin Errortime: invalid duration ""
2025/04/21 16:00:25 bot.go:122: [INFO] Endpoint: getUpdates, response: {"ok":true,"result":[{"update_id":465633468,
"message":{"message_id":42,"from":{"id":5568996608,"is_bot":false,"first_name":"\u841d\u8389\u8d5b\u9ad8 | Roam","username":"TheSw1m","language_code":"zh-hans","is_premium":true},"chat":{"id":-1002479692773,"title":"qwq","type":"supergroup"},"date":1745222430,"text":"/changecd static 1d","entities":[{"offset":0,"length":9,"type":"bot_command"}]}}]}

2025/04/21 16:00:25 bot.go:96: [INFO] Endpoint: getUpdates, params: map[allowed_updates:null offset:465633469 timeout:60]

2025/04/21 16:00:25 custom.go:220: [INFO] 用户萝莉赛高 | Roam执行了changecd操作
2025/04/21 16:00:25 bot.go:96: [INFO] Endpoint: getChatMember, params: map[chat_id:-1002479692773 user_id:5568996608]

2025/04/21 16:00:26 bot.go:122: [INFO] Endpoint: getChatMember, response: {"ok":true,"result":{"user":{"id":5568996608,"is_bot":false,"first_name":"\u841d\u8389\u8d5b\u9ad8 | Roam","username":"TheSw1m","language_code":"zh-hans","is_premium":true},"status":"creator","is_anonymous":false}}

2025/04/21 16:00:31 bot.go:122: [INFO] Endpoint: getUpdates, response: {"ok":true,"result":[{"update_id":465633469,
"message":{"message_id":43,"from":{"id":5568996608,"is_bot":false,"first_name":"\u841d\u8389\u8d5b\u9ad8 | Roam","username":"TheSw1m","language_code":"zh-hans","is_premium":true},"chat":{"id":-1002479692773,"title":"qwq","type":"supergroup"},"date":1745222435,"text":"/tesy","entities":[{"offset":0,"length":5,"type":"bot_command"}]}}]}

2025/04/21 16:00:31 bot.go:96: [INFO] Endpoint: getUpdates, params: map[allowed_updates:null offset:465633470 timeout:60]

2025/04/21 16:00:33 bot.go:122: [INFO] Endpoint: getUpdates, response: {"ok":true,"result":[{"update_id":465633470,
"message":{"message_id":44,"from":{"id":5568996608,"is_bot":false,"first_name":"\u841d\u8389\u8d5b\u9ad8 | Roam","username":"TheSw1m","language_code":"zh-hans","is_premium":true},"chat":{"id":-1002479692773,"title":"qwq","type":"supergroup"},"date":1745222437,"text":"/teat","entities":[{"offset":0,"length":5,"type":"bot_command"}]}}]}

2025/04/21 16:00:33 bot.go:96: [INFO] Endpoint: getUpdates, params: map[allowed_updates:null offset:465633471 timeout:60]

2025/04/21 16:00:35 bot.go:122: [INFO] Endpoint: getUpdates, response: {"ok":true,"result":[{"update_id":465633471,
"message":{"message_id":45,"from":{"id":5568996608,"is_bot":false,"first_name":"\u841d\u8389\u8d5b\u9ad8 | Roam","username":"TheSw1m","language_code":"zh-hans","is_premium":true},"chat":{"id":-1002479692773,"title":"qwq","type":"supergroup"},"date":1745222439,"text":"/test","entities":[{"offset":0,"length":5,"type":"bot_command"}]}}]}

2025/04/21 16:00:35 bot.go:96: [INFO] Endpoint: getUpdates, params: map[allowed_updates:null offset:465633472 timeout:60]

2025/04/21 16:00:35 custom.go:220: [INFO] 用户萝莉赛高 | Roam执行了test操作
2025/04/21 16:00:35 bot.go:96: [INFO] Endpoint: sendMessage, params: map[chat_id:-1002479692773 entities:null text:当前cd 86400]

2025/04/21 16:00:35 bot.go:122: [INFO] Endpoint: sendMessage, response: {"ok":true,"result":{"message_id":46,"from":{"id":7321634203,"is_bot":true,"first_name":"testbot","username":"theswimtestbot"},"chat":{"id":-1002479692773,"title":"qwq","type":"supergroup"},"date":1745222440,"text":"\u5f53\u524dcd 86400"}}

2025/04/21 16:00:41 bot.go:122: [INFO] Endpoint: getUpdates, response: {"ok":true,"result":[{"update_id":465633472,
"message":{"message_id":47,"from":{"id":5568996608,"is_bot":false,"first_name":"\u841d\u8389\u8d5b\u9ad8 | Roam","username":"TheSw1m","language_code":"zh-hans","is_premium":true},"chat":{"id":-1002479692773,"title":"qwq","type":"supergroup"},"date":1745222445,"text":"/changecd static 12d","entities":[{"offset":0,"length":9,"type":"bot_command"}]}}]}

2025/04/21 16:00:41 bot.go:96: [INFO] Endpoint: getUpdates, params: map[allowed_updates:null offset:465633473 timeout:60]

2025/04/21 16:00:41 custom.go:220: [INFO] 用户萝莉赛高 | Roam执行了changecd操作
2025/04/21 16:00:41 bot.go:96: [INFO] Endpoint: getChatMember, params: map[chat_id:-1002479692773 user_id:5568996608]

2025/04/21 16:00:41 bot.go:122: [INFO] Endpoint: getChatMember, response: {"ok":true,"result":{"user":{"id":5568996608,"is_bot":false,"first_name":"\u841d\u8389\u8d5b\u9ad8 | Roam","username":"TheSw1m","language_code":"zh-hans","is_premium":true},"status":"creator","is_anonymous":false}}

2025/04/21 16:00:43 bot.go:122: [INFO] Endpoint: getUpdates, response: {"ok":true,"result":[{"update_id":465633473,
"message":{"message_id":48,"from":{"id":5568996608,"is_bot":false,"first_name":"\u841d\u8389\u8d5b\u9ad8 | Roam","username":"TheSw1m","language_code":"zh-hans","is_premium":true},"chat":{"id":-1002479692773,"title":"qwq","type":"supergroup"},"date":1745222447,"forward_origin":{"type":"user","sender_user":{"id":5568996608,"is_bot":false,"first_name":"\u841d\u8389\u8d5b\u9ad8 | Roam","username":"TheSw1m","language_code":"zh-hans","is_premium":true},"date":1745222439},"forward_from":{"id":5568996608,"is_bot":false,"first_name":"\u841d\u8389\u8d5b\u9ad8 | Roam","username":"TheSw1m","language_code":"zh-hans","is_premium":true},"forward_date":1745222439,"text":"/test","entities":[{"offset":0,"length":5,"type":"bot_command"}]}}]}

2025/04/21 16:00:43 bot.go:96: [INFO] Endpoint: getUpdates, params: map[allowed_updates:null offset:465633474 timeout:60]

2025/04/21 16:00:43 custom.go:220: [INFO] 用户萝莉赛高 | Roam执行了test操作
2025/04/21 16:00:43 bot.go:96: [INFO] Endpoint: sendMessage, params: map[chat_id:-1002479692773 entities:null text:当前cd 1036800]

2025/04/21 16:00:43 bot.go:122: [INFO] Endpoint: sendMessage, response: {"ok":true,"result":{"message_id":49,"from":{"id":7321634203,"is_bot":true,"first_name":"testbot","username":"theswimtestbot"},"chat":{"id":-1002479692773,"title":"qwq","type":"supergroup"},"date":1745222448,"text":"\u5f53\u524dcd 1036800"}}

2025/04/21 16:01:00 bot.go:122: [INFO] Endpoint: getUpdates, response: {"ok":true,"result":[{"update_id":465633474,
"message":{"message_id":1995,"from":{"id":5568996608,"is_bot":false,"first_name":"\u841d\u8389\u8d5b\u9ad8 | Roam","username":"TheSw1m","language_code":"zh-hans","is_premium":true},"chat":{"id":-1001536556159,"title":"test for info","type":"supergroup"},"date":1745222464,"text":"/test","entities":[{"offset":0,"length":5,"type":"bot_command"}]}}]}

2025/04/21 16:01:00 bot.go:96: [INFO] Endpoint: getUpdates, params: map[allowed_updates:null offset:465633475 timeout:60]

2025/04/21 16:01:00 custom.go:220: [INFO] 用户萝莉赛高 | Roam执行了test操作
2025/04/21 16:01:00 bot.go:96: [INFO] Endpoint: sendMessage, params: map[chat_id:-1001536556159 entities:null text:当前cd 0]

2025/04/21 16:01:01 bot.go:122: [INFO] Endpoint: sendMessage, response: {"ok":true,"result":{"message_id":1996,"from":{"id":7321634203,"is_bot":true,"first_name":"testbot","username":"theswimtestbot"},"chat":{"id":-1001536556159,"title":"test for info","type":"supergroup"},"date":1745222465,"text":"\u5f53\u524dcd 0"}}

2025/04/21 16:01:08 bot.go:122: [INFO] Endpoint: getUpdates, response: {"ok":true,"result":[{"update_id":465633475,
"message":{"message_id":1997,"from":{"id":5568996608,"is_bot":false,"first_name":"\u841d\u8389\u8d5b\u9ad8 | Roam","username":"TheSw1m","language_code":"zh-hans","is_premium":true},"chat":{"id":-1001536556159,"title":"test for info","type":"supergroup"},"date":1745222473,"text":"/changecd static 1d","entities":[{"offset":0,"length":9,"type":"bot_command"}]}}]}

2025/04/21 16:01:08 bot.go:96: [INFO] Endpoint: getUpdates, params: map[allowed_updates:null offset:465633476 timeout:60]

2025/04/21 16:01:08 custom.go:220: [INFO] 用户萝莉赛高 | Roam执行了changecd操作
2025/04/21 16:01:08 bot.go:96: [INFO] Endpoint: getChatMember, params: map[chat_id:-1001536556159 user_id:5568996608]

2025/04/21 16:01:09 bot.go:122: [INFO] Endpoint: getChatMember, response: {"ok":true,"result":{"user":{"id":5568996608,"is_bot":false,"first_name":"\u841d\u8389\u8d5b\u9ad8 | Roam","username":"TheSw1m","language_code":"zh-hans","is_premium":true},"status":"creator","is_anonymous":false}}

2025/04/21 16:01:13 bot.go:122: [INFO] Endpoint: getUpdates, response: {"ok":true,"result":[{"update_id":465633476,
"message":{"message_id":1999,"from":{"id":5568996608,"is_bot":false,"first_name":"\u841d\u8389\u8d5b\u9ad8 | Roam","username":"TheSw1m","language_code":"zh-hans","is_premium":true},"chat":{"id":-1001536556159,"title":"test for info","type":"supergroup"},"date":1745222477,"text":"/test","entities":[{"offset":0,"length":5,"type":"bot_command"}]}}]}

2025/04/21 16:01:13 bot.go:96: [INFO] Endpoint: getUpdates, params: map[allowed_updates:null offset:465633477 timeout:60]

2025/04/21 16:01:13 custom.go:220: [INFO] 用户萝莉赛高 | Roam执行了test操作
2025/04/21 16:01:13 bot.go:96: [INFO] Endpoint: sendMessage, params: map[chat_id:-1001536556159 entities:null text:当前cd 86400]

2025/04/21 16:01:14 bot.go:122: [INFO] Endpoint: sendMessage, response: {"ok":true,"result":{"message_id":2000,"from":{"id":7321634203,"is_bot":true,"first_name":"testbot","username":"theswimtestbot"},"chat":{"id":-1001536556159,"title":"test for info","type":"supergroup"},"date":1745222478,"text":"\u5f53\u524dcd 86400"}}

2025/04/21 16:01:23 bot.go:122: [INFO] Endpoint: getUpdates, response: {"ok":true,"result":[{"update_id":465633477,
"message":{"message_id":50,"from":{"id":7912107913,"is_bot":false,"first_name":"rdd","username":"rainyun_server"},"chat":{"id":-1002479692773,"title":"qwq","type":"supergroup"},"date":1745222487,"text":"/test","entities":[{"offset":0,"length":5,"type":"bot_command"}]}}]}

2025/04/21 16:01:23 bot.go:96: [INFO] Endpoint: getUpdates, params: map[allowed_updates:null offset:465633478 timeout:60]

2025/04/21 16:01:23 custom.go:220: [INFO] 用户rdd执行了test操作
2025/04/21 16:01:23 bot.go:96: [INFO] Endpoint: sendMessage, params: map[chat_id:-1002479692773 entities:null text:当前cd 1036800]

2025/04/21 16:01:23 bot.go:122: [INFO] Endpoint: sendMessage, response: {"ok":true,"result":{"message_id":51,"from":{"id":7321634203,"is_bot":true,"first_name":"testbot","username":"theswimtestbot"},"chat":{"id":-1002479692773,"title":"qwq","type":"supergroup"},"date":1745222488,"text":"\u5f53\u524dcd 1036800"}}

2025/04/21 16:01:31 bot.go:122: [INFO] Endpoint: getUpdates, response: {"ok":true,"result":[{"update_id":465633478,
"message":{"message_id":52,"from":{"id":7912107913,"is_bot":false,"first_name":"rdd","username":"rainyun_server"},"chat":{"id":-1002479692773,"title":"qwq","type":"supergroup"},"date":1745222495,"text":"/changecd","entities":[{"offset":0,"length":9,"type":"bot_command"}]}}]}

2025/04/21 16:01:31 bot.go:96: [INFO] Endpoint: getUpdates, params: map[allowed_updates:null offset:465633479 timeout:60]

2025/04/21 16:01:31 custom.go:220: [INFO] 用户rdd执行了changecd操作
2025/04/21 16:01:31 bot.go:96: [INFO] Endpoint: getChatMember, params: map[chat_id:-1002479692773 user_id:7912107913]

2025/04/21 16:01:31 bot.go:122: [INFO] Endpoint: getChatMember, response: {"ok":true,"result":{"user":{"id":7912107913,"is_bot":false,"first_name":"rdd","username":"rainyun_server"},"status":"member"}}

2025/04/21 16:02:21 bot.go:122: [INFO] Endpoint: getUpdates, response: {"ok":true,"result":[]}

2025/04/21 16:02:21 bot.go:96: [INFO] Endpoint: getUpdates, params: map[allowed_updates:null offset:465633479 timeout:60]

2025/04/21 16:02:59 bot.go:98: [INFO] Using proxy: http://127.0.0.1:7890
2025/04/21 16:02:59 bot.go:96: [INFO] Endpoint: getUpdates, params: map[allowed_updates:null timeout:60]

2025/04/21 16:03:02 bot.go:122: [INFO] Endpoint: getUpdates, response: {"ok":true,"result":[{"update_id":465633479,
"message":{"message_id":53,"from":{"id":7912107913,"is_bot":false,"first_name":"rdd","username":"rainyun_server"},"chat":{"id":-1002479692773,"title":"qwq","type":"supergroup"},"date":1745222586,"forward_origin":{"type":"user","sender_user":{"id":7912107913,"is_bot":false,"first_name":"rdd","username":"rainyun_server"},"date":1745222495},"forward_from":{"id":7912107913,"is_bot":false,"first_name":"rdd","username":"rainyun_server"},"forward_date":1745222495,"text":"/changecd","entities":[{"offset":0,"length":9,"type":"bot_command"}]}}]}

2025/04/21 16:03:02 bot.go:96: [INFO] Endpoint: getUpdates, params: map[allowed_updates:null offset:465633480 timeout:60]

2025/04/21 16:03:02 custom.go:220: [INFO] 用户rdd执行了changecd操作
2025/04/21 16:03:02 bot.go:96: [INFO] Endpoint: getChatMember, params: map[chat_id:-1002479692773 user_id:7912107913]

2025/04/21 16:03:02 bot.go:122: [INFO] Endpoint: getChatMember, response: {"ok":true,"result":{"user":{"id":7912107913,"is_bot":false,"first_name":"rdd","username":"rainyun_server"},"status":"member"}}

2025/04/21 16:03:02 bot.go:96: [INFO] Endpoint: sendMessage, params: map[chat_id:-1002479692773 entities:null text:你没有执行此操作的权限！]

2025/04/21 16:03:03 bot.go:122: [INFO] Endpoint: sendMessage, response: {"ok":true,"result":{"message_id":54,"from":{"id":7321634203,"is_bot":true,"first_name":"testbot","username":"theswimtestbot"},"chat":{"id":-1002479692773,"title":"qwq","type":"supergroup"},"date":1745222587,"text":"\u4f60\u6ca1\u6709\u6267\u884c\u6b64\u64cd\u4f5c\u7684\u6743\u9650\uff01"}}

2025/04/21 16:03:52 bot.go:122: [INFO] Endpoint: getUpdates, response: {"ok":true,"result":[]}

2025/04/21 16:03:52 bot.go:96: [INFO] Endpoint: getUpdates, params: map[allowed_updates:null offset:465633480 timeout:60]

2025/04/21 16:04:43 bot.go:122: [INFO] Endpoint: getUpdates, response: {"ok":true,"result":[]}

2025/04/21 16:04:43 bot.go:96: [INFO] Endpoint: getUpdates, params: map[allowed_updates:null offset:465633480 timeout:60]

2025/04/21 16:05:17 bot.go:122: [INFO] Endpoint: getUpdates, response: {"ok":true,"result":[{"update_id":465633480,
"message":{"message_id":55,"from":{"id":7912107913,"is_bot":false,"first_name":"rdd","username":"rainyun_server"},"chat":{"id":-1002479692773,"title":"qwq","type":"supergroup"},"date":1745222721,"forward_origin":{"type":"user","sender_user":{"id":7912107913,"is_bot":false,"first_name":"rdd","username":"rainyun_server"},"date":1745222495},"forward_from":{"id":7912107913,"is_bot":false,"first_name":"rdd","username":"rainyun_server"},"forward_date":1745222495,"text":"/changecd","entities":[{"offset":0,"length":9,"type":"bot_command"}]}}]}

2025/04/21 16:05:17 bot.go:96: [INFO] Endpoint: getUpdates, params: map[allowed_updates:null offset:465633481 timeout:60]

2025/04/21 16:05:17 custom.go:220: [INFO] 用户rdd执行了changecd操作
2025/04/21 16:05:17 bot.go:96: [INFO] Endpoint: getChatMember, params: map[chat_id:-1002479692773 user_id:7912107913]

2025/04/21 16:05:17 bot.go:122: [INFO] Endpoint: getChatMember, response: {"ok":true,"result":{"user":{"id":7912107913,"is_bot":false,"first_name":"rdd","username":"rainyun_server"},"status":"administrator","can_be_edited":false,"can_manage_chat":true,"can_change_info":true,"can_delete_messages":false,"can_invite_users":false,"can_restrict_members":false,"can_pin_messages":true,"can_manage_topics":false,"can_promote_members":false,"can_manage_video_chats":false,"can_post_stories":false,"can_edit_stories":false,"can_delete_stories":false,"is_anonymous":false,"can_manage_voice_chats":false}}

2025/04/21 16:05:17 bot.go:96: [INFO] Endpoint: sendMessage, params: map[chat_id:-1002479692773 entities:null text:参数数量有误，请重新输入]

2025/04/21 16:05:18 bot.go:122: [INFO] Endpoint: sendMessage, response: {"ok":true,"result":{"message_id":56,"from":{"id":7321634203,"is_bot":true,"first_name":"testbot","username":"theswimtestbot"},"chat":{"id":-1002479692773,"title":"qwq","type":"supergroup"},"date":1745222722,"text":"\u53c2\u6570\u6570\u91cf\u6709\u8bef\uff0c\u8bf7\u91cd\u65b0\u8f93\u5165"}}

2025/04/21 16:05:18 bot.go:96: [INFO] Endpoint: sendMessage, params: map[chat_id:-1002479692773 entities:null text:错误的时间格式]

2025/04/21 16:05:18 bot.go:122: [INFO] Endpoint: sendMessage, response: {"ok":true,"result":{"message_id":57,"from":{"id":7321634203,"is_bot":true,"first_name":"testbot","username":"theswimtestbot"},"chat":{"id":-1002479692773,"title":"qwq","type":"supergroup"},"date":1745222722,"text":"\u9519\u8bef\u7684\u65f6\u95f4\u683c\u5f0f"}}

2025/04/21 16:05:18 custom.go:224: [INFO] Plugin Errortime: invalid duration ""
2025/04/21 16:06:07 bot.go:122: [INFO] Endpoint: getUpdates, response: {"ok":true,"result":[]}

2025/04/21 16:06:07 bot.go:96: [INFO] Endpoint: getUpdates, params: map[allowed_updates:null offset:465633481 timeout:60]

2025/04/21 16:07:00 bot.go:98: [INFO] Using proxy: http://127.0.0.1:7890
2025/04/21 16:07:00 bot.go:96: [INFO] Endpoint: getUpdates, params: map[allowed_updates:null timeout:60]

2025/04/21 16:07:15 bot.go:122: [INFO] Endpoint: getUpdates, response: {"ok":true,"result":[{"update_id":465633481,
"message":{"message_id":58,"from":{"id":7912107913,"is_bot":false,"first_name":"rdd","username":"rainyun_server"},"chat":{"id":-1002479692773,"title":"qwq","type":"supergroup"},"date":1745222840,"forward_origin":{"type":"user","sender_user":{"id":7912107913,"is_bot":false,"first_name":"rdd","username":"rainyun_server"},"date":1745222495},"forward_from":{"id":7912107913,"is_bot":false,"first_name":"rdd","username":"rainyun_server"},"forward_date":1745222495,"text":"/changecd","entities":[{"offset":0,"length":9,"type":"bot_command"}]}}]}

2025/04/21 16:07:15 bot.go:96: [INFO] Endpoint: getUpdates, params: map[allowed_updates:null offset:465633482 timeout:60]

2025/04/21 16:07:15 custom.go:220: [INFO] 用户rdd执行了changecd操作
2025/04/21 16:07:15 bot.go:96: [INFO] Endpoint: getChatMember, params: map[chat_id:-1002479692773 user_id:7912107913]

2025/04/21 16:07:16 bot.go:122: [INFO] Endpoint: getChatMember, response: {"ok":true,"result":{"user":{"id":7912107913,"is_bot":false,"first_name":"rdd","username":"rainyun_server"},"status":"administrator","can_be_edited":false,"can_manage_chat":true,"can_change_info":true,"can_delete_messages":false,"can_invite_users":false,"can_restrict_members":false,"can_pin_messages":true,"can_manage_topics":false,"can_promote_members":false,"can_manage_video_chats":false,"can_post_stories":false,"can_edit_stories":false,"can_delete_stories":false,"is_anonymous":false,"can_manage_voice_chats":false}}

2025/04/21 16:07:16 bot.go:96: [INFO] Endpoint: sendMessage, params: map[chat_id:-1002479692773 entities:null text:参数数量有误，请重新输入]

2025/04/21 16:07:16 bot.go:122: [INFO] Endpoint: sendMessage, response: {"ok":true,"result":{"message_id":59,"from":{"id":7321634203,"is_bot":true,"first_name":"testbot","username":"theswimtestbot"},"chat":{"id":-1002479692773,"title":"qwq","type":"supergroup"},"date":1745222840,"text":"\u53c2\u6570\u6570\u91cf\u6709\u8bef\uff0c\u8bf7\u91cd\u65b0\u8f93\u5165"}}

2025/04/21 16:08:05 bot.go:122: [INFO] Endpoint: getUpdates, response: {"ok":true,"result":[]}

2025/04/21 16:08:05 bot.go:96: [INFO] Endpoint: getUpdates, params: map[allowed_updates:null offset:465633482 timeout:60]

2025/04/21 16:08:56 bot.go:122: [INFO] Endpoint: getUpdates, response: {"ok":true,"result":[]}

2025/04/21 16:08:56 bot.go:96: [INFO] Endpoint: getUpdates, params: map[allowed_updates:null offset:465633482 timeout:60]

2025/04/21 16:09:46 bot.go:122: [INFO] Endpoint: getUpdates, response: {"ok":true,"result":[]}

2025/04/21 16:09:46 bot.go:96: [INFO] Endpoint: getUpdates, params: map[allowed_updates:null offset:465633482 timeout:60]

2025/04/21 16:10:36 bot.go:122: [INFO] Endpoint: getUpdates, response: {"ok":true,"result":[]}

2025/04/21 16:10:36 bot.go:96: [INFO] Endpoint: getUpdates, params: map[allowed_updates:null offset:465633482 timeout:60]

2025/04/21 16:11:26 bot.go:122: [INFO] Endpoint: getUpdates, response: {"ok":true,"result":[]}

2025/04/21 16:11:26 bot.go:96: [INFO] Endpoint: getUpdates, params: map[allowed_updates:null offset:465633482 timeout:60]

2025/04/21 16:12:17 bot.go:122: [INFO] Endpoint: getUpdates, response: {"ok":true,"result":[]}

2025/04/21 16:12:17 bot.go:96: [INFO] Endpoint: getUpdates, params: map[allowed_updates:null offset:465633482 timeout:60]

2025/04/21 16:13:07 bot.go:122: [INFO] Endpoint: getUpdates, response: {"ok":true,"result":[]}

2025/04/21 16:13:07 bot.go:96: [INFO] Endpoint: getUpdates, params: map[allowed_updates:null offset:465633482 timeout:60]

2025/04/21 16:13:57 bot.go:122: [INFO] Endpoint: getUpdates, response: {"ok":true,"result":[]}

2025/04/21 16:13:57 bot.go:96: [INFO] Endpoint: getUpdates, params: map[allowed_updates:null offset:465633482 timeout:60]

2025/04/21 16:14:47 bot.go:122: [INFO] Endpoint: getUpdates, response: {"ok":true,"result":[]}

2025/04/21 16:14:47 bot.go:96: [INFO] Endpoint: getUpdates, params: map[allowed_updates:null offset:465633482 timeout:60]

2025/04/21 16:15:38 bot.go:122: [INFO] Endpoint: getUpdates, response: {"ok":true,"result":[]}

2025/04/21 16:15:38 bot.go:96: [INFO] Endpoint: getUpdates, params: map[allowed_updates:null offset:465633482 timeout:60]

2025/04/21 16:16:28 bot.go:122: [INFO] Endpoint: getUpdates, response: {"ok":true,"result":[]}

2025/04/21 16:16:28 bot.go:96: [INFO] Endpoint: getUpdates, params: map[allowed_updates:null offset:465633482 timeout:60]

2025/04/21 16:17:18 bot.go:122: [INFO] Endpoint: getUpdates, response: {"ok":true,"result":[]}

2025/04/21 16:17:18 bot.go:96: [INFO] Endpoint: getUpdates, params: map[allowed_updates:null offset:465633482 timeout:60]

2025/04/21 16:18:09 bot.go:122: [INFO] Endpoint: getUpdates, response: {"ok":true,"result":[]}

2025/04/21 16:18:09 bot.go:96: [INFO] Endpoint: getUpdates, params: map[allowed_updates:null offset:465633482 timeout:60]

2025/04/21 16:18:59 bot.go:122: [INFO] Endpoint: getUpdates, response: {"ok":true,"result":[]}

2025/04/21 16:18:59 bot.go:96: [INFO] Endpoint: getUpdates, params: map[allowed_updates:null offset:465633482 timeout:60]

2025/04/21 16:19:49 bot.go:122: [INFO] Endpoint: getUpdates, response: {"ok":true,"result":[]}

2025/04/21 16:19:49 bot.go:96: [INFO] Endpoint: getUpdates, params: map[allowed_updates:null offset:465633482 timeout:60]

2025/04/21 16:20:39 bot.go:122: [INFO] Endpoint: getUpdates, response: {"ok":true,"result":[]}

2025/04/21 16:20:39 bot.go:96: [INFO] Endpoint: getUpdates, params: map[allowed_updates:null offset:465633482 timeout:60]

2025/04/21 16:21:30 bot.go:122: [INFO] Endpoint: getUpdates, response: {"ok":true,"result":[]}

2025/04/21 16:21:30 bot.go:96: [INFO] Endpoint: getUpdates, params: map[allowed_updates:null offset:465633482 timeout:60]

2025/04/21 16:22:20 bot.go:122: [INFO] Endpoint: getUpdates, response: {"ok":true,"result":[]}

2025/04/21 16:22:20 bot.go:96: [INFO] Endpoint: getUpdates, params: map[allowed_updates:null offset:465633482 timeout:60]

2025/04/21 16:23:10 bot.go:122: [INFO] Endpoint: getUpdates, response: {"ok":true,"result":[]}

2025/04/21 16:23:10 bot.go:96: [INFO] Endpoint: getUpdates, params: map[allowed_updates:null offset:465633482 timeout:60]

2025/04/21 16:24:00 bot.go:122: [INFO] Endpoint: getUpdates, response: {"ok":true,"result":[]}

2025/04/21 16:24:00 bot.go:96: [INFO] Endpoint: getUpdates, params: map[allowed_updates:null offset:465633482 timeout:60]

2025/04/21 16:24:51 bot.go:122: [INFO] Endpoint: getUpdates, response: {"ok":true,"result":[]}

2025/04/21 16:24:51 bot.go:96: [INFO] Endpoint: getUpdates, params: map[allowed_updates:null offset:465633482 timeout:60]

2025/04/21 16:25:41 bot.go:122: [INFO] Endpoint: getUpdates, response: {"ok":true,"result":[]}

2025/04/21 16:25:41 bot.go:96: [INFO] Endpoint: getUpdates, params: map[allowed_updates:null offset:465633482 timeout:60]

2025/04/21 16:26:31 bot.go:122: [INFO] Endpoint: getUpdates, response: {"ok":true,"result":[]}

2025/04/21 16:26:31 bot.go:96: [INFO] Endpoint: getUpdates, params: map[allowed_updates:null offset:465633482 timeout:60]

2025/04/21 16:27:21 bot.go:122: [INFO] Endpoint: getUpdates, response: {"ok":true,"result":[]}

2025/04/21 16:27:21 bot.go:96: [INFO] Endpoint: getUpdates, params: map[allowed_updates:null offset:465633482 timeout:60]

2025/04/21 16:28:11 bot.go:122: [INFO] Endpoint: getUpdates, response: {"ok":true,"result":[]}

2025/04/21 16:28:11 bot.go:96: [INFO] Endpoint: getUpdates, params: map[allowed_updates:null offset:465633482 timeout:60]

2025/04/21 16:29:02 bot.go:122: [INFO] Endpoint: getUpdates, response: {"ok":true,"result":[]}

2025/04/21 16:29:02 bot.go:96: [INFO] Endpoint: getUpdates, params: map[allowed_updates:null offset:465633482 timeout:60]

2025/04/21 16:29:52 bot.go:122: [INFO] Endpoint: getUpdates, response: {"ok":true,"result":[]}

2025/04/21 16:29:52 bot.go:96: [INFO] Endpoint: getUpdates, params: map[allowed_updates:null offset:465633482 timeout:60]

2025/04/21 16:30:42 bot.go:122: [INFO] Endpoint: getUpdates, response: {"ok":true,"result":[]}

2025/04/21 16:30:42 bot.go:96: [INFO] Endpoint: getUpdates, params: map[allowed_updates:null offset:465633482 timeout:60]

2025/04/21 16:31:33 bot.go:122: [INFO] Endpoint: getUpdates, response: {"ok":true,"result":[]}

2025/04/21 16:31:33 bot.go:96: [INFO] Endpoint: getUpdates, params: map[allowed_updates:null offset:465633482 timeout:60]

2025/04/21 16:32:23 bot.go:122: [INFO] Endpoint: getUpdates, response: {"ok":true,"result":[]}

2025/04/21 16:32:23 bot.go:96: [INFO] Endpoint: getUpdates, params: map[allowed_updates:null offset:465633482 timeout:60]

2025/04/21 16:33:13 bot.go:122: [INFO] Endpoint: getUpdates, response: {"ok":true,"result":[]}

2025/04/21 16:33:13 bot.go:96: [INFO] Endpoint: getUpdates, params: map[allowed_updates:null offset:465633482 timeout:60]

2025/04/21 16:34:03 bot.go:122: [INFO] Endpoint: getUpdates, response: {"ok":true,"result":[]}

2025/04/21 16:34:03 bot.go:96: [INFO] Endpoint: getUpdates, params: map[allowed_updates:null offset:465633482 timeout:60]

2025/04/21 16:34:54 bot.go:122: [INFO] Endpoint: getUpdates, response: {"ok":true,"result":[]}

2025/04/21 16:34:54 bot.go:96: [INFO] Endpoint: getUpdates, params: map[allowed_updates:null offset:465633482 timeout:60]

2025/04/21 16:35:44 bot.go:122: [INFO] Endpoint: getUpdates, response: {"ok":true,"result":[]}

2025/04/21 16:35:44 bot.go:96: [INFO] Endpoint: getUpdates, params: map[allowed_updates:null offset:465633482 timeout:60]

2025/04/21 16:36:34 bot.go:122: [INFO] Endpoint: getUpdates, response: {"ok":true,"result":[]}

2025/04/21 16:36:34 bot.go:96: [INFO] Endpoint: getUpdates, params: map[allowed_updates:null offset:465633482 timeout:60]

2025/04/21 16:37:24 bot.go:122: [INFO] Endpoint: getUpdates, response: {"ok":true,"result":[]}

2025/04/21 16:37:24 bot.go:96: [INFO] Endpoint: getUpdates, params: map[allowed_updates:null offset:465633482 timeout:60]

2025/04/21 16:38:15 bot.go:122: [INFO] Endpoint: getUpdates, response: {"ok":true,"result":[]}

2025/04/21 16:38:15 bot.go:96: [INFO] Endpoint: getUpdates, params: map[allowed_updates:null offset:465633482 timeout:60]

2025/04/21 16:39:05 bot.go:122: [INFO] Endpoint: getUpdates, response: {"ok":true,"result":[]}

2025/04/21 16:39:05 bot.go:96: [INFO] Endpoint: getUpdates, params: map[allowed_updates:null offset:465633482 timeout:60]

2025/04/21 16:39:55 bot.go:122: [INFO] Endpoint: getUpdates, response: {"ok":true,"result":[]}

2025/04/21 16:39:55 bot.go:96: [INFO] Endpoint: getUpdates, params: map[allowed_updates:null offset:465633482 timeout:60]

2025/04/21 16:40:46 bot.go:122: [INFO] Endpoint: getUpdates, response: {"ok":true,"result":[]}

2025/04/21 16:40:46 bot.go:96: [INFO] Endpoint: getUpdates, params: map[allowed_updates:null offset:465633482 timeout:60]

2025/04/21 16:41:36 bot.go:122: [INFO] Endpoint: getUpdates, response: {"ok":true,"result":[]}

2025/04/21 16:41:36 bot.go:96: [INFO] Endpoint: getUpdates, params: map[allowed_updates:null offset:465633482 timeout:60]

2025/04/21 16:42:26 bot.go:122: [INFO] Endpoint: getUpdates, response: {"ok":true,"result":[]}

2025/04/21 16:42:26 bot.go:96: [INFO] Endpoint: getUpdates, params: map[allowed_updates:null offset:465633482 timeout:60]

2025/04/21 16:43:16 bot.go:122: [INFO] Endpoint: getUpdates, response: {"ok":true,"result":[]}

2025/04/21 16:43:16 bot.go:96: [INFO] Endpoint: getUpdates, params: map[allowed_updates:null offset:465633482 timeout:60]

2025/04/21 16:44:07 bot.go:122: [INFO] Endpoint: getUpdates, response: {"ok":true,"result":[]}

2025/04/21 16:44:07 bot.go:96: [INFO] Endpoint: getUpdates, params: map[allowed_updates:null offset:465633482 timeout:60]

2025/04/21 16:44:57 bot.go:122: [INFO] Endpoint: getUpdates, response: {"ok":true,"result":[]}

2025/04/21 16:44:57 bot.go:96: [INFO] Endpoint: getUpdates, params: map[allowed_updates:null offset:465633482 timeout:60]

2025/04/21 16:45:47 bot.go:122: [INFO] Endpoint: getUpdates, response: {"ok":true,"result":[]}

2025/04/21 16:45:47 bot.go:96: [INFO] Endpoint: getUpdates, params: map[allowed_updates:null offset:465633482 timeout:60]

2025/04/21 16:46:37 bot.go:122: [INFO] Endpoint: getUpdates, response: {"ok":true,"result":[]}

2025/04/21 16:46:37 bot.go:96: [INFO] Endpoint: getUpdates, params: map[allowed_updates:null offset:465633482 timeout:60]

2025/04/21 16:47:28 bot.go:122: [INFO] Endpoint: getUpdates, response: {"ok":true,"result":[]}

2025/04/21 16:47:28 bot.go:96: [INFO] Endpoint: getUpdates, params: map[allowed_updates:null offset:465633482 timeout:60]

2025/04/21 16:48:18 bot.go:122: [INFO] Endpoint: getUpdates, response: {"ok":true,"result":[]}

2025/04/21 16:48:18 bot.go:96: [INFO] Endpoint: getUpdates, params: map[allowed_updates:null offset:465633482 timeout:60]

2025/04/21 16:49:08 bot.go:122: [INFO] Endpoint: getUpdates, response: {"ok":true,"result":[]}

2025/04/21 16:49:08 bot.go:96: [INFO] Endpoint: getUpdates, params: map[allowed_updates:null offset:465633482 timeout:60]

2025/04/21 16:49:58 bot.go:122: [INFO] Endpoint: getUpdates, response: {"ok":true,"result":[]}

2025/04/21 16:49:58 bot.go:96: [INFO] Endpoint: getUpdates, params: map[allowed_updates:null offset:465633482 timeout:60]

